[INFO] === XDVioDet Training Started ===
[INFO] Mode: Multi | Weights: Normal | Optimizer: Adam
[INFO] LR: 0.0001 | Batch Size: 128 | Max Epochs: 50
[INFO] Logging to: ./ckpt/wsanodet_New_MIX2_/logs
[INFO] Device: cuda
[INFO] Data loaders created | Train batches: 155 | Test batches: 800
[INFO] Model loaded on cuda:0
[INFO] Adam optimizer created | LR: 0.0001
[INFO] Using standard cross-entropy loss
[INFO] Ground truth loaded: (2330384,)
[INFO] 
================================================================================
[INFO] EPOCH 1/50 | Mode: Multi | Weights: Normal
[INFO] ================================================================================

[INFO] === XDVioDet Training Started ===
[INFO] Mode: Multi | Weights: Inverse | Optimizer: Adam
[INFO] LR: 0.0001 | Batch Size: 128 | Max Epochs: 50
[INFO] Logging to: ./ckpt/wsanodet_New_MIX2_/logs
[INFO] Device: cuda
[INFO] Calculating inverse class weights...
[INFO] Class weights: [0.011648154817521572, 0.053807128220796585, 0.07110227644443512, 0.07632704079151154, 0.06270436942577362, 0.6636212468147278, 0.06078973412513733]
[INFO] Data loaders created | Train batches: 155 | Test batches: 800
[INFO] Model loaded on cuda:0
[INFO] Adam optimizer created | LR: 0.0001
[INFO] Using weighted cross-entropy loss
[INFO] Ground truth loaded: (2330384,)
[INFO] 
================================================================================
[INFO] EPOCH 1/50 | Mode: Multi | Weights: Inverse
[INFO] ================================================================================

[INFO] [TRAIN] Epoch completed in 101.17s
[INFO] [TRAIN] Average Loss: 0.2327
[INFO] Epoch training completed in 101.18s | Loss: 0.2327
[INFO] Predictions shape: (145649,)
[INFO] Probabilities shape: (145649, 7)
[INFO] Ground truth shape: 2330384
[INFO] ground truth sample (first 100): [0. 0. 0. 0. 0. 0. 0. 0. 0. 0. 0. 0. 0. 0. 0. 0. 0. 0. 0. 0. 0. 0. 0. 0.
 0. 0. 0. 0. 0. 0. 0. 0. 0. 0. 0. 0. 0. 0. 0. 0. 0. 0. 0. 0. 0. 0. 0. 0.
 0. 0. 0. 0. 0. 0. 0. 0. 0. 0. 0. 0. 0. 0. 0. 0. 0. 0. 0. 0. 0. 0. 0. 0.
 0. 0. 0. 0. 0. 0. 0. 0. 0. 0. 0. 0. 0. 0. 0. 0. 0. 0. 0. 0. 0. 0. 0. 0.
 0. 0. 0. 0.]
[INFO] Sample predictions (first 100): [5. 0. 5. 5. 5. 1. 1. 1. 1. 1. 1. 1. 3. 3. 3. 3. 3. 3. 3. 3. 3. 3. 3. 3.
 3. 3. 3. 5. 5. 3. 3. 3. 3. 5. 5. 5. 3. 3. 3. 3. 3. 3. 3. 3. 3. 3. 3. 3.
 3. 3. 3. 3. 3. 3. 3. 3. 3. 1. 1. 1. 1. 1. 1. 1. 1. 1. 1. 1. 1. 1. 1. 1.
 5. 5. 5. 5. 2. 2. 2. 5. 5. 5. 5. 5. 5. 2. 5. 5. 5. 5. 5. 5. 5. 5. 5. 5.
 5. 5. 5. 5.]
[INFO] Modality names: ['RGB', 'AUDIO']
[INFO] Class 0 top modality: AUDIO
[INFO] Class 1 top modality: AUDIO
[INFO] Class 2 top modality: RGB
[INFO] Class 3 top modality: AUDIO
[INFO] Class 4 top modality: AUDIO
[INFO] Class 5 top modality: RGB
[INFO] Class 6 top modality: AUDIO
[INFO] Per-category modality contribution matrix shape: (7, 2)
[INFO] Per-category top modality mapping: ['AUDIO', 'AUDIO', 'RGB', 'AUDIO', 'AUDIO', 'RGB', 'AUDIO']
[INFO] 
Test Metrics:
[INFO]   ROC AUC: 0.7609
[INFO]   mAP: 0.7907

[INFO]   F1 Score: 0.3129
[INFO]   Precision: 0.8005
[INFO]   Recall: 0.2738
[INFO]   Accuracy: 0.2738
[INFO] 
Classification Report:
              precision    recall  f1-score   support

      Normal       0.93      0.16      0.28   1792579
    Fighting       0.09      0.58      0.16    125428
    Shooting       0.13      0.28      0.18     37114
   Explosion       0.10      0.82      0.17     41542
        Riot       0.62      0.72      0.66    272294
       Abuse       0.01      0.50      0.01      3324
Car accident       0.15      0.51      0.23     58103

    accuracy                           0.27   2330384
   macro avg       0.29      0.51      0.24   2330384
weighted avg       0.80      0.27      0.31   2330384

[INFO] 
Confusion Matrix:
[[295040 661558  60182 252510 115421 239225 168643]
 [ 14563  72202   3098   3540   5792  26233      0]
 [  1939   6423  10274   4193      0  14157    128]
 [   487    940   1983  34061    154   3413    504]
 [  3948  39192    311  32565 195289    989      0]
 [   903    256    303    192      0   1670      0]
 [   128   1349   2489  23787      0    889  29461]]
[INFO] 
================================================================================
[INFO] EPOCH 2/50 | Mode: Multi | Weights: Inverse
[INFO] ================================================================================

[INFO] [TRAIN] Epoch completed in 101.72s
[INFO] [TRAIN] Average Loss: 0.1905
[INFO] Epoch training completed in 101.72s | Loss: 0.1905
[INFO] Predictions shape: (145649,)
[INFO] Probabilities shape: (145649, 7)
[INFO] Ground truth shape: 2330384
[INFO] ground truth sample (first 100): [0. 0. 0. 0. 0. 0. 0. 0. 0. 0. 0. 0. 0. 0. 0. 0. 0. 0. 0. 0. 0. 0. 0. 0.
 0. 0. 0. 0. 0. 0. 0. 0. 0. 0. 0. 0. 0. 0. 0. 0. 0. 0. 0. 0. 0. 0. 0. 0.
 0. 0. 0. 0. 0. 0. 0. 0. 0. 0. 0. 0. 0. 0. 0. 0. 0. 0. 0. 0. 0. 0. 0. 0.
 0. 0. 0. 0. 0. 0. 0. 0. 0. 0. 0. 0. 0. 0. 0. 0. 0. 0. 0. 0. 0. 0. 0. 0.
 0. 0. 0. 0.]
[INFO] Sample predictions (first 100): [3. 3. 1. 1. 1. 1. 1. 1. 3. 3. 3. 3. 3. 3. 3. 3. 3. 3. 3. 3. 3. 3. 3. 3.
 3. 3. 3. 3. 3. 3. 3. 3. 3. 3. 3. 3. 3. 3. 3. 3. 3. 3. 3. 3. 3. 3. 3. 3.
 3. 3. 3. 3. 3. 3. 3. 3. 3. 3. 1. 1. 1. 1. 1. 1. 1. 1. 1. 1. 1. 1. 1. 5.
 5. 5. 5. 5. 2. 2. 2. 2. 2. 2. 2. 2. 2. 2. 2. 2. 2. 2. 2. 2. 2. 2. 2. 2.
 3. 2. 2. 2.]
[INFO] Modality names: ['RGB', 'AUDIO']
[INFO] Class 0 top modality: AUDIO
[INFO] Class 1 top modality: AUDIO
[INFO] Class 2 top modality: RGB
[INFO] Class 3 top modality: AUDIO
[INFO] Class 4 top modality: AUDIO
[INFO] Class 5 top modality: RGB
[INFO] Class 6 top modality: AUDIO
[INFO] Per-category modality contribution matrix shape: (7, 2)
[INFO] Per-category top modality mapping: ['AUDIO', 'AUDIO', 'RGB', 'AUDIO', 'AUDIO', 'RGB', 'AUDIO']
[INFO] 
Test Metrics:
[INFO]   ROC AUC: 0.8510
[INFO]   mAP: 0.8516

[INFO]   F1 Score: 0.5298
[INFO]   Precision: 0.8390
[INFO]   Recall: 0.4499
[INFO]   Accuracy: 0.4499
[INFO] 
Classification Report:
              precision    recall  f1-score   support

      Normal       0.96      0.37      0.53   1792579
    Fighting       0.21      0.53      0.30    125428
    Shooting       0.45      0.33      0.38     37114
   Explosion       0.14      0.91      0.25     41542
        Riot       0.67      0.86      0.76    272294
       Abuse       0.01      0.76      0.01      3324
Car accident       0.15      0.59      0.24     58103

    accuracy                           0.45   2330384
   macro avg       0.37      0.62      0.35   2330384
weighted avg       0.84      0.45      0.53   2330384

[INFO] 
Confusion Matrix:
[[659439 236854  11533 180549 103925 403692 196587]
 [  9583  67027   2047   4192   9310  33269      0]
 [  1527   7292  12372   8749    224   6950      0]
 [   509    206    965  37687    406    838    931]
 [ 12863   7233      0  15237 235015   1946      0]
 [   314     48    204    240      0   2518      0]
 [  5381   1324    303  16114      0    675  34306]]
[INFO] 
================================================================================
[INFO] EPOCH 3/50 | Mode: Multi | Weights: Inverse
[INFO] ================================================================================

[INFO] [TRAIN] Epoch completed in 103.75s
[INFO] [TRAIN] Average Loss: 0.1735
[INFO] Epoch training completed in 103.75s | Loss: 0.1735
[INFO] Model checkpoint saved
[INFO] Predictions shape: (145649,)
[INFO] Probabilities shape: (145649, 7)
[INFO] Ground truth shape: 2330384
[INFO] ground truth sample (first 100): [0. 0. 0. 0. 0. 0. 0. 0. 0. 0. 0. 0. 0. 0. 0. 0. 0. 0. 0. 0. 0. 0. 0. 0.
 0. 0. 0. 0. 0. 0. 0. 0. 0. 0. 0. 0. 0. 0. 0. 0. 0. 0. 0. 0. 0. 0. 0. 0.
 0. 0. 0. 0. 0. 0. 0. 0. 0. 0. 0. 0. 0. 0. 0. 0. 0. 0. 0. 0. 0. 0. 0. 0.
 0. 0. 0. 0. 0. 0. 0. 0. 0. 0. 0. 0. 0. 0. 0. 0. 0. 0. 0. 0. 0. 0. 0. 0.
 0. 0. 0. 0.]
[INFO] Sample predictions (first 100): [5. 5. 5. 1. 5. 1. 1. 1. 3. 3. 3. 3. 3. 3. 3. 3. 3. 3. 3. 3. 3. 3. 3. 3.
 3. 3. 3. 3. 3. 3. 3. 3. 3. 3. 3. 3. 3. 3. 3. 3. 3. 3. 3. 3. 3. 3. 3. 3.
 3. 3. 3. 3. 3. 3. 3. 3. 3. 3. 3. 5. 5. 5. 5. 1. 5. 5. 5. 5. 5. 5. 5. 5.
 5. 5. 5. 5. 2. 2. 2. 2. 2. 2. 2. 2. 2. 2. 2. 2. 2. 2. 2. 2. 2. 2. 2. 2.
 2. 2. 2. 2.]
[INFO] Modality names: ['RGB', 'AUDIO']
[INFO] Class 0 top modality: AUDIO
[INFO] Class 1 top modality: AUDIO
[INFO] Class 2 top modality: RGB
[INFO] Class 3 top modality: AUDIO
[INFO] Class 4 top modality: AUDIO
[INFO] Class 5 top modality: RGB
[INFO] Class 6 top modality: AUDIO
[INFO] Per-category modality contribution matrix shape: (7, 2)
[INFO] Per-category top modality mapping: ['AUDIO', 'AUDIO', 'RGB', 'AUDIO', 'AUDIO', 'RGB', 'AUDIO']
[INFO] 
Test Metrics:
[INFO]   ROC AUC: 0.8802
[INFO]   mAP: 0.8752

[INFO]   F1 Score: 0.5862
[INFO]   Precision: 0.8673
[INFO]   Recall: 0.5002
[INFO]   Accuracy: 0.5002
[INFO] 
Classification Report:
              precision    recall  f1-score   support

      Normal       0.98      0.42      0.59   1792579
    Fighting       0.34      0.52      0.41    125428
    Shooting       0.45      0.38      0.41     37114
   Explosion       0.17      0.92      0.28     41542
        Riot       0.71      0.92      0.80    272294
       Abuse       0.01      0.93      0.01      3324
Car accident       0.17      0.73      0.28     58103

    accuracy                           0.50   2330384
   macro avg       0.40      0.69      0.40   2330384
weighted avg       0.87      0.50      0.59   2330384

[INFO] 
Confusion Matrix:
[[753559 116300  13159 162811  94796 451470 200484]
 [  4216  65085   1981   2469   7683  43994      0]
 [   902   5466  13998   7624    278   8846      0]
 [   241    123    980  38080    313    769   1036]
 [  7695   3639      0   8990 249378   2592      0]
 [   102      0     16    112      0   3094      0]
 [  4229    635   1242   8810     32    675  42480]]
[INFO] 
================================================================================
[INFO] EPOCH 4/50 | Mode: Multi | Weights: Inverse
[INFO] ================================================================================

[INFO] [TRAIN] Epoch completed in 105.12s
[INFO] [TRAIN] Average Loss: 0.1589
[INFO] Epoch training completed in 105.12s | Loss: 0.1589
[INFO] Predictions shape: (145649,)
[INFO] Probabilities shape: (145649, 7)
[INFO] Ground truth shape: 2330384
[INFO] ground truth sample (first 100): [0. 0. 0. 0. 0. 0. 0. 0. 0. 0. 0. 0. 0. 0. 0. 0. 0. 0. 0. 0. 0. 0. 0. 0.
 0. 0. 0. 0. 0. 0. 0. 0. 0. 0. 0. 0. 0. 0. 0. 0. 0. 0. 0. 0. 0. 0. 0. 0.
 0. 0. 0. 0. 0. 0. 0. 0. 0. 0. 0. 0. 0. 0. 0. 0. 0. 0. 0. 0. 0. 0. 0. 0.
 0. 0. 0. 0. 0. 0. 0. 0. 0. 0. 0. 0. 0. 0. 0. 0. 0. 0. 0. 0. 0. 0. 0. 0.
 0. 0. 0. 0.]
[INFO] Sample predictions (first 100): [3. 2. 2. 2. 2. 2. 2. 2. 2. 3. 3. 3. 3. 3. 3. 3. 3. 3. 3. 3. 3. 3. 3. 3.
 3. 3. 3. 3. 3. 3. 3. 3. 3. 3. 3. 3. 3. 3. 3. 3. 3. 3. 3. 3. 3. 3. 3. 3.
 3. 3. 3. 3. 3. 3. 3. 3. 3. 3. 3. 3. 3. 1. 1. 1. 1. 1. 1. 5. 5. 5. 5. 5.
 5. 5. 2. 2. 2. 2. 2. 2. 2. 2. 2. 2. 2. 2. 2. 2. 2. 2. 2. 2. 2. 2. 2. 2.
 2. 2. 2. 2.]
[INFO] Modality names: ['RGB', 'AUDIO']
[INFO] Class 0 top modality: AUDIO
[INFO] Class 1 top modality: AUDIO
[INFO] Class 2 top modality: RGB
[INFO] Class 3 top modality: AUDIO
[INFO] Class 4 top modality: AUDIO
[INFO] Class 5 top modality: RGB
[INFO] Class 6 top modality: RGB
[INFO] Per-category modality contribution matrix shape: (7, 2)
[INFO] Per-category top modality mapping: ['AUDIO', 'AUDIO', 'RGB', 'AUDIO', 'AUDIO', 'RGB', 'RGB']
[INFO] 
Test Metrics:
[INFO]   ROC AUC: 0.8988
[INFO]   mAP: 0.8829

[INFO]   F1 Score: 0.6986
[INFO]   Precision: 0.8726
[INFO]   Recall: 0.6138
[INFO]   Accuracy: 0.6138
[INFO] 
Classification Report:
              precision    recall  f1-score   support

      Normal       0.97      0.59      0.73   1792579
    Fighting       0.36      0.44      0.40    125428
    Shooting       0.36      0.59      0.45     37114
   Explosion       0.11      0.95      0.20     41542
        Riot       0.79      0.84      0.82    272294
       Abuse       0.01      0.82      0.02      3324
Car accident       0.21      0.46      0.29     58103

    accuracy                           0.61   2330384
   macro avg       0.40      0.67      0.42   2330384
weighted avg       0.87      0.61      0.70   2330384

[INFO] 
Confusion Matrix:
[[1054749   93096   28648  259715   55805  202294   98272]
 [   8750   55647    6508    2430    5013   47080       0]
 [   1374    1523   21860    5605      32    6720       0]
 [    108      38    1612   39319       0     465       0]
 [  13658    3833     140   23338  229294    2031       0]
 [    330       0     214      64       0    2716       0]
 [   6087      39    2138   22361       0     566   26912]]
[INFO] 
================================================================================
[INFO] EPOCH 5/50 | Mode: Multi | Weights: Inverse
[INFO] ================================================================================

[INFO] [TRAIN] Epoch completed in 110.91s
[INFO] [TRAIN] Average Loss: 0.1446
[INFO] Epoch training completed in 110.92s | Loss: 0.1446
[INFO] Model checkpoint saved
[INFO] Predictions shape: (145649,)
[INFO] Probabilities shape: (145649, 7)
[INFO] Ground truth shape: 2330384
[INFO] ground truth sample (first 100): [0. 0. 0. 0. 0. 0. 0. 0. 0. 0. 0. 0. 0. 0. 0. 0. 0. 0. 0. 0. 0. 0. 0. 0.
 0. 0. 0. 0. 0. 0. 0. 0. 0. 0. 0. 0. 0. 0. 0. 0. 0. 0. 0. 0. 0. 0. 0. 0.
 0. 0. 0. 0. 0. 0. 0. 0. 0. 0. 0. 0. 0. 0. 0. 0. 0. 0. 0. 0. 0. 0. 0. 0.
 0. 0. 0. 0. 0. 0. 0. 0. 0. 0. 0. 0. 0. 0. 0. 0. 0. 0. 0. 0. 0. 0. 0. 0.
 0. 0. 0. 0.]
[INFO] Sample predictions (first 100): [1. 1. 1. 1. 1. 1. 3. 3. 3. 3. 3. 3. 3. 3. 3. 3. 3. 3. 3. 3. 3. 3. 3. 3.
 3. 3. 3. 3. 3. 3. 3. 3. 3. 3. 3. 3. 3. 3. 3. 3. 3. 3. 3. 3. 3. 3. 3. 3.
 3. 3. 3. 3. 3. 3. 3. 3. 3. 3. 3. 3. 1. 1. 1. 1. 1. 1. 1. 1. 1. 2. 2. 2.
 2. 2. 2. 2. 2. 2. 2. 2. 2. 2. 2. 2. 2. 2. 2. 2. 2. 2. 2. 2. 2. 2. 2. 2.
 2. 2. 2. 2.]
[INFO] Modality names: ['RGB', 'AUDIO']
[INFO] Class 0 top modality: AUDIO
[INFO] Class 1 top modality: AUDIO
[INFO] Class 2 top modality: RGB
[INFO] Class 3 top modality: AUDIO
[INFO] Class 4 top modality: AUDIO
[INFO] Class 5 top modality: RGB
[INFO] Class 6 top modality: RGB
[INFO] Per-category modality contribution matrix shape: (7, 2)
[INFO] Per-category top modality mapping: ['AUDIO', 'AUDIO', 'RGB', 'AUDIO', 'AUDIO', 'RGB', 'RGB']
[INFO] 
Test Metrics:
[INFO]   ROC AUC: 0.9062
[INFO]   mAP: 0.8953

[INFO]   F1 Score: 0.7304
[INFO]   Precision: 0.8778
[INFO]   Recall: 0.6617
[INFO]   Accuracy: 0.6617
[INFO] 
Classification Report:
              precision    recall  f1-score   support

      Normal       0.97      0.63      0.76   1792579
    Fighting       0.39      0.69      0.50    125428
    Shooting       0.33      0.60      0.43     37114
   Explosion       0.11      0.97      0.19     41542
        Riot       0.82      0.86      0.84    272294
       Abuse       0.03      0.67      0.05      3324
Car accident       0.22      0.50      0.31     58103

    accuracy                           0.66   2330384
   macro avg       0.41      0.70      0.44   2330384
weighted avg       0.88      0.66      0.73   2330384

[INFO] 
Confusion Matrix:
[[1126458  121580   32388  291223   49890   68148  102892]
 [   5748   86840    8545    4236    3160   16899       0]
 [    958    5149   22217    7214     118    1458       0]
 [     20      32    1291   40167      32       0       0]
 [  14777    5911     252   16074  234944     336       0]
 [    295     254     312     224       0    2239       0]
 [   9296     186    1715   17646       0      56   29204]]
[INFO] 
================================================================================
[INFO] EPOCH 6/50 | Mode: Multi | Weights: Inverse
[INFO] ================================================================================

[INFO] [TRAIN] Epoch completed in 203.52s
[INFO] [TRAIN] Average Loss: 0.1327
[INFO] Epoch training completed in 203.52s | Loss: 0.1327
[INFO] Predictions shape: (145649,)
[INFO] Probabilities shape: (145649, 7)
[INFO] Ground truth shape: 2330384
[INFO] ground truth sample (first 100): [0. 0. 0. 0. 0. 0. 0. 0. 0. 0. 0. 0. 0. 0. 0. 0. 0. 0. 0. 0. 0. 0. 0. 0.
 0. 0. 0. 0. 0. 0. 0. 0. 0. 0. 0. 0. 0. 0. 0. 0. 0. 0. 0. 0. 0. 0. 0. 0.
 0. 0. 0. 0. 0. 0. 0. 0. 0. 0. 0. 0. 0. 0. 0. 0. 0. 0. 0. 0. 0. 0. 0. 0.
 0. 0. 0. 0. 0. 0. 0. 0. 0. 0. 0. 0. 0. 0. 0. 0. 0. 0. 0. 0. 0. 0. 0. 0.
 0. 0. 0. 0.]
[INFO] Sample predictions (first 100): [3. 5. 5. 5. 5. 1. 3. 3. 3. 3. 3. 3. 3. 3. 3. 3. 3. 3. 3. 3. 3. 3. 3. 3.
 3. 3. 3. 3. 3. 3. 3. 3. 3. 3. 3. 3. 3. 3. 3. 3. 3. 3. 3. 3. 3. 3. 3. 3.
 3. 3. 3. 3. 3. 3. 3. 3. 3. 3. 3. 3. 3. 3. 3. 3. 3. 3. 3. 5. 5. 5. 5. 5.
 5. 5. 2. 2. 2. 2. 2. 2. 2. 2. 2. 2. 2. 2. 2. 2. 2. 2. 2. 2. 2. 2. 2. 2.
 2. 2. 2. 2.]
[INFO] Modality names: ['RGB', 'AUDIO']
[INFO] Class 0 top modality: AUDIO
[INFO] Class 1 top modality: RGB
[INFO] Class 2 top modality: RGB
[INFO] Class 3 top modality: AUDIO
[INFO] Class 4 top modality: AUDIO
[INFO] Class 5 top modality: RGB
[INFO] Class 6 top modality: AUDIO
[INFO] Per-category modality contribution matrix shape: (7, 2)
[INFO] Per-category top modality mapping: ['AUDIO', 'RGB', 'RGB', 'AUDIO', 'AUDIO', 'RGB', 'AUDIO']
[INFO] 
Test Metrics:
[INFO]   ROC AUC: 0.9078
[INFO]   mAP: 0.8965

[INFO]   F1 Score: 0.7498
[INFO]   Precision: 0.8864
[INFO]   Recall: 0.6742
[INFO]   Accuracy: 0.6742
[INFO] 
Classification Report:
              precision    recall  f1-score   support

      Normal       0.97      0.66      0.79   1792579
    Fighting       0.48      0.49      0.49    125428
    Shooting       0.43      0.53      0.48     37114
   Explosion       0.15      0.96      0.25     41542
        Riot       0.85      0.82      0.83    272294
       Abuse       0.01      0.86      0.02      3324
Car accident       0.24      0.63      0.34     58103

    accuracy                           0.67   2330384
   macro avg       0.45      0.71      0.46   2330384
weighted avg       0.89      0.67      0.75   2330384

[INFO] 
Confusion Matrix:
[[1187344   61462   20683  188088   35639  181727  117636]
 [   7937   61858    2076    2250    3329   47978       0]
 [   1713    2214   19658    6783      48    6698       0]
 [    107       0    1210   39930       0     231      64]
 [  17702    3334      92   25944  223080    2142       0]
 [    360       0      64      48       0    2852       0]
 [   9621      44    1753    9725       0     548   36412]]
[INFO] 
================================================================================
[INFO] EPOCH 7/50 | Mode: Multi | Weights: Inverse
[INFO] ================================================================================

[INFO] [TRAIN] Epoch completed in 199.79s
[INFO] [TRAIN] Average Loss: 0.1254
[INFO] Epoch training completed in 199.79s | Loss: 0.1254
[INFO] Model checkpoint saved
[INFO] Predictions shape: (145649,)
[INFO] Probabilities shape: (145649, 7)
[INFO] Ground truth shape: 2330384
[INFO] ground truth sample (first 100): [0. 0. 0. 0. 0. 0. 0. 0. 0. 0. 0. 0. 0. 0. 0. 0. 0. 0. 0. 0. 0. 0. 0. 0.
 0. 0. 0. 0. 0. 0. 0. 0. 0. 0. 0. 0. 0. 0. 0. 0. 0. 0. 0. 0. 0. 0. 0. 0.
 0. 0. 0. 0. 0. 0. 0. 0. 0. 0. 0. 0. 0. 0. 0. 0. 0. 0. 0. 0. 0. 0. 0. 0.
 0. 0. 0. 0. 0. 0. 0. 0. 0. 0. 0. 0. 0. 0. 0. 0. 0. 0. 0. 0. 0. 0. 0. 0.
 0. 0. 0. 0.]
[INFO] Sample predictions (first 100): [1. 1. 1. 1. 1. 1. 1. 1. 3. 3. 3. 3. 3. 3. 3. 3. 3. 3. 3. 3. 3. 3. 3. 3.
 3. 3. 3. 3. 3. 3. 3. 3. 3. 3. 3. 3. 3. 3. 3. 3. 3. 3. 3. 3. 3. 3. 3. 3.
 3. 3. 3. 3. 3. 3. 3. 3. 3. 3. 3. 3. 3. 3. 3. 3. 3. 3. 3. 1. 1. 2. 2. 1.
 2. 2. 2. 2. 2. 2. 2. 2. 2. 2. 2. 2. 2. 2. 2. 2. 2. 2. 2. 2. 2. 2. 2. 2.
 2. 2. 2. 2.]
[INFO] Modality names: ['RGB', 'AUDIO']
[INFO] Class 0 top modality: AUDIO
[INFO] Class 1 top modality: AUDIO
[INFO] Class 2 top modality: RGB
[INFO] Class 3 top modality: AUDIO
[INFO] Class 4 top modality: AUDIO
[INFO] Class 5 top modality: RGB
[INFO] Class 6 top modality: RGB
[INFO] Per-category modality contribution matrix shape: (7, 2)
[INFO] Per-category top modality mapping: ['AUDIO', 'AUDIO', 'RGB', 'AUDIO', 'AUDIO', 'RGB', 'RGB']
[INFO] 
Test Metrics:
[INFO]   ROC AUC: 0.9269
[INFO]   mAP: 0.9065

[INFO]   F1 Score: 0.7392
[INFO]   Precision: 0.8854
[INFO]   Recall: 0.6725
[INFO]   Accuracy: 0.6725
[INFO] 
Classification Report:
              precision    recall  f1-score   support

      Normal       0.98      0.64      0.77   1792579
    Fighting       0.37      0.69      0.48    125428
    Shooting       0.34      0.61      0.43     37114
   Explosion       0.12      0.96      0.22     41542
        Riot       0.80      0.90      0.85    272294
       Abuse       0.02      0.75      0.04      3324
Car accident       0.26      0.52      0.35     58103

    accuracy                           0.67   2330384
   macro avg       0.41      0.72      0.45   2330384
weighted avg       0.89      0.67      0.74   2330384

[INFO] 
Confusion Matrix:
[[1139644  133087   36306  250834   56014   92586   84108]
 [   2359   86282    4239    1789    4631   26128       0]
 [    783    5281   22764    5990     163    2133       0]
 [      0      75    1445   39957      27      38       0]
 [   6355    6033     220   12569  245997    1072      48]
 [    330     110     328      64       0    2492       0]
 [   7857     140    2330   17453       0     335   29988]]
[INFO] 
================================================================================
[INFO] EPOCH 8/50 | Mode: Multi | Weights: Inverse
[INFO] ================================================================================

[INFO] [TRAIN] Epoch completed in 197.56s
[INFO] [TRAIN] Average Loss: 0.1173
[INFO] Epoch training completed in 197.56s | Loss: 0.1173
[INFO] Predictions shape: (145649,)
[INFO] Probabilities shape: (145649, 7)
[INFO] Ground truth shape: 2330384
[INFO] ground truth sample (first 100): [0. 0. 0. 0. 0. 0. 0. 0. 0. 0. 0. 0. 0. 0. 0. 0. 0. 0. 0. 0. 0. 0. 0. 0.
 0. 0. 0. 0. 0. 0. 0. 0. 0. 0. 0. 0. 0. 0. 0. 0. 0. 0. 0. 0. 0. 0. 0. 0.
 0. 0. 0. 0. 0. 0. 0. 0. 0. 0. 0. 0. 0. 0. 0. 0. 0. 0. 0. 0. 0. 0. 0. 0.
 0. 0. 0. 0. 0. 0. 0. 0. 0. 0. 0. 0. 0. 0. 0. 0. 0. 0. 0. 0. 0. 0. 0. 0.
 0. 0. 0. 0.]
[INFO] Sample predictions (first 100): [1. 1. 1. 1. 1. 1. 1. 1. 1. 3. 3. 3. 3. 3. 3. 3. 3. 3. 3. 3. 3. 3. 3. 3.
 3. 3. 3. 3. 3. 3. 3. 3. 3. 3. 3. 3. 3. 3. 3. 3. 3. 3. 3. 3. 3. 3. 3. 3.
 3. 3. 3. 3. 3. 3. 3. 3. 3. 3. 3. 3. 3. 3. 3. 3. 3. 3. 3. 1. 1. 1. 1. 1.
 1. 2. 2. 2. 2. 2. 2. 2. 2. 2. 2. 2. 2. 2. 2. 2. 2. 2. 2. 2. 2. 2. 2. 2.
 2. 2. 2. 2.]
[INFO] Modality names: ['RGB', 'AUDIO']
[INFO] Class 0 top modality: AUDIO
[INFO] Class 1 top modality: AUDIO
[INFO] Class 2 top modality: RGB
[INFO] Class 3 top modality: AUDIO
[INFO] Class 4 top modality: AUDIO
[INFO] Class 5 top modality: RGB
[INFO] Class 6 top modality: RGB
[INFO] Per-category modality contribution matrix shape: (7, 2)
[INFO] Per-category top modality mapping: ['AUDIO', 'AUDIO', 'RGB', 'AUDIO', 'AUDIO', 'RGB', 'RGB']
[INFO] 
Test Metrics:
[INFO]   ROC AUC: 0.9334
[INFO]   mAP: 0.9134

[INFO]   F1 Score: 0.7148
[INFO]   Precision: 0.8853
[INFO]   Recall: 0.6476
[INFO]   Accuracy: 0.6476
[INFO] 
Classification Report:
              precision    recall  f1-score   support

      Normal       0.99      0.59      0.74   1792579
    Fighting       0.38      0.79      0.51    125428
    Shooting       0.28      0.58      0.37     37114
   Explosion       0.12      0.97      0.21     41542
        Riot       0.77      0.92      0.84    272294
       Abuse       0.02      0.71      0.04      3324
Car accident       0.25      0.58      0.35     58103

    accuracy                           0.65   2330384
   macro avg       0.40      0.73      0.44   2330384
weighted avg       0.89      0.65      0.71   2330384

[INFO] 
Confusion Matrix:
[[1063085  146136   50033  266358   68624   98682   99661]
 [   1467   98609    2662    2072    3893   16725       0]
 [    666    6717   21605    6519     179    1428       0]
 [      0      82    1266   40149      27      18       0]
 [   2691    7025     108   12153  249597     720       0]
 [     70     318     422     166       0    2348       0]
 [   5749     505    2272   15543       0     335   33699]]
[INFO] 
================================================================================
[INFO] EPOCH 9/50 | Mode: Multi | Weights: Inverse
[INFO] ================================================================================

[INFO] [TRAIN] Epoch completed in 199.82s
[INFO] [TRAIN] Average Loss: 0.1129
[INFO] Epoch training completed in 199.82s | Loss: 0.1129
[INFO] Model checkpoint saved
[INFO] Predictions shape: (145649,)
[INFO] Probabilities shape: (145649, 7)
[INFO] Ground truth shape: 2330384
[INFO] ground truth sample (first 100): [0. 0. 0. 0. 0. 0. 0. 0. 0. 0. 0. 0. 0. 0. 0. 0. 0. 0. 0. 0. 0. 0. 0. 0.
 0. 0. 0. 0. 0. 0. 0. 0. 0. 0. 0. 0. 0. 0. 0. 0. 0. 0. 0. 0. 0. 0. 0. 0.
 0. 0. 0. 0. 0. 0. 0. 0. 0. 0. 0. 0. 0. 0. 0. 0. 0. 0. 0. 0. 0. 0. 0. 0.
 0. 0. 0. 0. 0. 0. 0. 0. 0. 0. 0. 0. 0. 0. 0. 0. 0. 0. 0. 0. 0. 0. 0. 0.
 0. 0. 0. 0.]
[INFO] Sample predictions (first 100): [3. 1. 1. 1. 1. 1. 3. 3. 3. 3. 3. 3. 3. 3. 3. 3. 3. 3. 3. 3. 3. 3. 3. 3.
 3. 3. 3. 3. 3. 3. 3. 3. 3. 3. 3. 3. 3. 3. 3. 3. 3. 3. 3. 3. 3. 3. 3. 3.
 3. 3. 3. 3. 3. 3. 3. 3. 3. 3. 3. 3. 3. 3. 3. 3. 3. 3. 3. 1. 1. 2. 2. 2.
 2. 2. 2. 2. 2. 2. 2. 2. 2. 2. 2. 2. 2. 2. 2. 2. 2. 2. 2. 2. 2. 2. 2. 2.
 2. 2. 2. 2.]
[INFO] Modality names: ['RGB', 'AUDIO']
[INFO] Class 0 top modality: AUDIO
[INFO] Class 1 top modality: AUDIO
[INFO] Class 2 top modality: RGB
[INFO] Class 3 top modality: AUDIO
[INFO] Class 4 top modality: AUDIO
[INFO] Class 5 top modality: RGB
[INFO] Class 6 top modality: RGB
[INFO] Per-category modality contribution matrix shape: (7, 2)
[INFO] Per-category top modality mapping: ['AUDIO', 'AUDIO', 'RGB', 'AUDIO', 'AUDIO', 'RGB', 'RGB']
[INFO] 
Test Metrics:
[INFO]   ROC AUC: 0.9316
[INFO]   mAP: 0.9149

[INFO]   F1 Score: 0.7558
[INFO]   Precision: 0.8909
[INFO]   Recall: 0.6959
[INFO]   Accuracy: 0.6959
[INFO] 
Classification Report:
              precision    recall  f1-score   support

      Normal       0.99      0.66      0.79   1792579
    Fighting       0.39      0.76      0.52    125428
    Shooting       0.37      0.62      0.46     37114
   Explosion       0.13      0.97      0.23     41542
        Riot       0.82      0.89      0.85    272294
       Abuse       0.03      0.67      0.06      3324
Car accident       0.25      0.66      0.36     58103

    accuracy                           0.70   2330384
   macro avg       0.43      0.75      0.47   2330384
weighted avg       0.89      0.70      0.76   2330384

[INFO] 
Confusion Matrix:
[[1180236  135214   32332  226774   48627   52020  117376]
 [   2145   95627    3672    2642    3953   17327      62]
 [    704    5045   22903    6512     179    1374     397]
 [      0      36    1069   40360      27       0      50]
 [   7149    6631     156   15720  241950     608      80]
 [    318     302     280     209       0    2215       0]
 [   4888     361    1780   12247       0     296   38531]]
[INFO] 
================================================================================
[INFO] EPOCH 10/50 | Mode: Multi | Weights: Inverse
[INFO] ================================================================================

[INFO] [TRAIN] Epoch completed in 200.76s
[INFO] [TRAIN] Average Loss: 0.1075
[INFO] Epoch training completed in 200.76s | Loss: 0.1075
[INFO] Predictions shape: (145649,)
[INFO] Probabilities shape: (145649, 7)
[INFO] Ground truth shape: 2330384
[INFO] ground truth sample (first 100): [0. 0. 0. 0. 0. 0. 0. 0. 0. 0. 0. 0. 0. 0. 0. 0. 0. 0. 0. 0. 0. 0. 0. 0.
 0. 0. 0. 0. 0. 0. 0. 0. 0. 0. 0. 0. 0. 0. 0. 0. 0. 0. 0. 0. 0. 0. 0. 0.
 0. 0. 0. 0. 0. 0. 0. 0. 0. 0. 0. 0. 0. 0. 0. 0. 0. 0. 0. 0. 0. 0. 0. 0.
 0. 0. 0. 0. 0. 0. 0. 0. 0. 0. 0. 0. 0. 0. 0. 0. 0. 0. 0. 0. 0. 0. 0. 0.
 0. 0. 0. 0.]
[INFO] Sample predictions (first 100): [1. 1. 1. 1. 1. 1. 1. 3. 3. 3. 3. 3. 3. 3. 3. 3. 3. 3. 3. 3. 3. 3. 3. 3.
 3. 3. 3. 3. 3. 3. 3. 3. 3. 3. 3. 3. 3. 3. 3. 3. 3. 3. 3. 3. 3. 3. 3. 3.
 3. 3. 3. 3. 3. 3. 3. 3. 3. 3. 3. 3. 3. 3. 3. 3. 3. 3. 3. 1. 1. 1. 2. 2.
 2. 2. 2. 2. 2. 2. 2. 2. 2. 2. 2. 2. 2. 2. 2. 2. 2. 2. 2. 2. 2. 2. 2. 2.
 2. 2. 2. 2.]
[INFO] Modality names: ['RGB', 'AUDIO']
[INFO] Class 0 top modality: AUDIO
[INFO] Class 1 top modality: AUDIO
[INFO] Class 2 top modality: RGB
[INFO] Class 3 top modality: AUDIO
[INFO] Class 4 top modality: AUDIO
[INFO] Class 5 top modality: RGB
[INFO] Class 6 top modality: AUDIO
[INFO] Per-category modality contribution matrix shape: (7, 2)
[INFO] Per-category top modality mapping: ['AUDIO', 'AUDIO', 'RGB', 'AUDIO', 'AUDIO', 'RGB', 'AUDIO']
[INFO] 
Test Metrics:
[INFO]   ROC AUC: 0.9328
[INFO]   mAP: 0.9158

[INFO]   F1 Score: 0.7285
[INFO]   Precision: 0.8910
[INFO]   Recall: 0.6665
[INFO]   Accuracy: 0.6665
[INFO] 
Classification Report:
              precision    recall  f1-score   support

      Normal       0.99      0.61      0.76   1792579
    Fighting       0.34      0.84      0.48    125428
    Shooting       0.39      0.55      0.45     37114
   Explosion       0.12      0.98      0.21     41542
        Riot       0.80      0.89      0.85    272294
       Abuse       0.05      0.67      0.09      3324
Car accident       0.25      0.74      0.38     58103

    accuracy                           0.67   2330384
   macro avg       0.42      0.75      0.46   2330384
weighted avg       0.89      0.67      0.73   2330384

[INFO] 
Confusion Matrix:
[[1099156  192871   26936  257327   55347   35879  125063]
 [   1077  105034    2484    2980    3967    9792      94]
 [    714    6614   20234    7995     279     794     484]
 [      0      75     798   40619       0       0      50]
 [   3195    7122      92   18518  242983     304      80]
 [     74     492     248     263       0    2231      16]
 [   1816    1104    1432   10810       0      72   42869]]
[INFO] 
================================================================================
[INFO] EPOCH 11/50 | Mode: Multi | Weights: Inverse
[INFO] ================================================================================

[INFO] [TRAIN] Epoch completed in 202.76s
[INFO] [TRAIN] Average Loss: 0.1050
[INFO] Epoch training completed in 202.76s | Loss: 0.1050
[INFO] Model checkpoint saved
[INFO] Predictions shape: (145649,)
[INFO] Probabilities shape: (145649, 7)
[INFO] Ground truth shape: 2330384
[INFO] ground truth sample (first 100): [0. 0. 0. 0. 0. 0. 0. 0. 0. 0. 0. 0. 0. 0. 0. 0. 0. 0. 0. 0. 0. 0. 0. 0.
 0. 0. 0. 0. 0. 0. 0. 0. 0. 0. 0. 0. 0. 0. 0. 0. 0. 0. 0. 0. 0. 0. 0. 0.
 0. 0. 0. 0. 0. 0. 0. 0. 0. 0. 0. 0. 0. 0. 0. 0. 0. 0. 0. 0. 0. 0. 0. 0.
 0. 0. 0. 0. 0. 0. 0. 0. 0. 0. 0. 0. 0. 0. 0. 0. 0. 0. 0. 0. 0. 0. 0. 0.
 0. 0. 0. 0.]
[INFO] Sample predictions (first 100): [1. 1. 1. 1. 1. 1. 1. 1. 3. 3. 3. 3. 3. 3. 3. 3. 3. 3. 3. 3. 3. 3. 3. 3.
 3. 3. 3. 3. 3. 3. 3. 3. 3. 3. 3. 3. 3. 3. 3. 3. 3. 3. 3. 3. 3. 3. 3. 3.
 3. 3. 3. 3. 3. 3. 3. 3. 3. 3. 3. 3. 3. 3. 3. 3. 3. 3. 3. 1. 1. 2. 2. 2.
 2. 2. 2. 2. 2. 2. 2. 2. 2. 2. 2. 2. 2. 2. 2. 2. 2. 2. 2. 2. 2. 2. 2. 2.
 2. 2. 2. 2.]
[INFO] Modality names: ['RGB', 'AUDIO']
[INFO] Class 0 top modality: AUDIO
[INFO] Class 1 top modality: AUDIO
[INFO] Class 2 top modality: RGB
[INFO] Class 3 top modality: AUDIO
[INFO] Class 4 top modality: AUDIO
[INFO] Class 5 top modality: RGB
[INFO] Class 6 top modality: AUDIO
[INFO] Per-category modality contribution matrix shape: (7, 2)
[INFO] Per-category top modality mapping: ['AUDIO', 'AUDIO', 'RGB', 'AUDIO', 'AUDIO', 'RGB', 'AUDIO']
[INFO] 
Test Metrics:
[INFO]   ROC AUC: 0.9338
[INFO]   mAP: 0.9173

[INFO]   F1 Score: 0.7512
[INFO]   Precision: 0.8901
[INFO]   Recall: 0.6946
[INFO]   Accuracy: 0.6946
[INFO] 
Classification Report:
              precision    recall  f1-score   support

      Normal       0.99      0.65      0.78   1792579
    Fighting       0.35      0.82      0.49    125428
    Shooting       0.36      0.60      0.45     37114
   Explosion       0.14      0.97      0.24     41542
        Riot       0.81      0.90      0.86    272294
       Abuse       0.04      0.69      0.07      3324
Car accident       0.27      0.68      0.39     58103

    accuracy                           0.69   2330384
   macro avg       0.42      0.76      0.47   2330384
weighted avg       0.89      0.69      0.75   2330384

[INFO] 
Confusion Matrix:
[[1164957  176380   33496  214663   52624   43557  106902]
 [   1395  102937    3266    2359    3642   11751      78]
 [    720    6112   22305    6416     263    1013     285]
 [      0      85    1049   40331      27       0      50]
 [   5171    7265     140   12898  246276     496      48]
 [    160     364     328     193       0    2279       0]
 [   4621    1145    1736   10868       0     232   39501]]
[INFO] 
================================================================================
[INFO] EPOCH 12/50 | Mode: Multi | Weights: Inverse
[INFO] ================================================================================

[INFO] [TRAIN] Epoch completed in 201.79s
[INFO] [TRAIN] Average Loss: 0.1040
[INFO] Epoch training completed in 201.79s | Loss: 0.1040
[INFO] Predictions shape: (145649,)
[INFO] Probabilities shape: (145649, 7)
[INFO] Ground truth shape: 2330384
[INFO] ground truth sample (first 100): [0. 0. 0. 0. 0. 0. 0. 0. 0. 0. 0. 0. 0. 0. 0. 0. 0. 0. 0. 0. 0. 0. 0. 0.
 0. 0. 0. 0. 0. 0. 0. 0. 0. 0. 0. 0. 0. 0. 0. 0. 0. 0. 0. 0. 0. 0. 0. 0.
 0. 0. 0. 0. 0. 0. 0. 0. 0. 0. 0. 0. 0. 0. 0. 0. 0. 0. 0. 0. 0. 0. 0. 0.
 0. 0. 0. 0. 0. 0. 0. 0. 0. 0. 0. 0. 0. 0. 0. 0. 0. 0. 0. 0. 0. 0. 0. 0.
 0. 0. 0. 0.]
[INFO] Sample predictions (first 100): [3. 1. 1. 1. 1. 1. 1. 3. 3. 3. 3. 3. 3. 3. 3. 3. 3. 3. 3. 3. 3. 3. 3. 3.
 3. 3. 3. 3. 3. 3. 3. 3. 3. 3. 3. 3. 3. 3. 3. 3. 3. 3. 3. 3. 3. 3. 3. 3.
 3. 3. 3. 3. 3. 3. 3. 3. 3. 3. 3. 3. 3. 3. 3. 3. 3. 3. 3. 1. 1. 2. 2. 2.
 2. 2. 2. 2. 2. 2. 2. 2. 2. 2. 2. 2. 2. 2. 2. 2. 2. 2. 2. 2. 2. 2. 2. 2.
 2. 2. 2. 2.]
[INFO] Modality names: ['RGB', 'AUDIO']
[INFO] Class 0 top modality: AUDIO
[INFO] Class 1 top modality: AUDIO
[INFO] Class 2 top modality: RGB
[INFO] Class 3 top modality: AUDIO
[INFO] Class 4 top modality: AUDIO
[INFO] Class 5 top modality: RGB
[INFO] Class 6 top modality: AUDIO
[INFO] Per-category modality contribution matrix shape: (7, 2)
[INFO] Per-category top modality mapping: ['AUDIO', 'AUDIO', 'RGB', 'AUDIO', 'AUDIO', 'RGB', 'AUDIO']
[INFO] 
Test Metrics:
[INFO]   ROC AUC: 0.9344
[INFO]   mAP: 0.9180

[INFO]   F1 Score: 0.7534
[INFO]   Precision: 0.8913
[INFO]   Recall: 0.6962
[INFO]   Accuracy: 0.6962
[INFO] 
Classification Report:
              precision    recall  f1-score   support

      Normal       0.99      0.65      0.79   1792579
    Fighting       0.38      0.81      0.51    125428
    Shooting       0.35      0.59      0.44     37114
   Explosion       0.13      0.97      0.23     41542
        Riot       0.81      0.91      0.86    272294
       Abuse       0.04      0.69      0.07      3324
Car accident       0.27      0.69      0.39     58103

    accuracy                           0.70   2330384
   macro avg       0.42      0.76      0.47   2330384
weighted avg       0.89      0.70      0.75   2330384

[INFO] 
Confusion Matrix:
[[1168366  155415   33722  230394   53714   42438  108530]
 [   1647  101626    3751    2698    3976   11588     142]
 [    730    5453   22024    7248     263     967     429]
 [      0      64     939   40462      27       0      50]
 [   4787    6274     124   12977  247620     464      48]
 [    152     318     328     247       0    2279       0]
 [   4238     930    1528   11094       0     264   40049]]
[INFO] 
================================================================================
[INFO] EPOCH 13/50 | Mode: Multi | Weights: Inverse
[INFO] ================================================================================

[INFO] [TRAIN] Epoch completed in 204.81s
[INFO] [TRAIN] Average Loss: 0.1028
[INFO] Epoch training completed in 204.81s | Loss: 0.1028
[INFO] Model checkpoint saved
[INFO] Predictions shape: (145649,)
[INFO] Probabilities shape: (145649, 7)
[INFO] Ground truth shape: 2330384
[INFO] ground truth sample (first 100): [0. 0. 0. 0. 0. 0. 0. 0. 0. 0. 0. 0. 0. 0. 0. 0. 0. 0. 0. 0. 0. 0. 0. 0.
 0. 0. 0. 0. 0. 0. 0. 0. 0. 0. 0. 0. 0. 0. 0. 0. 0. 0. 0. 0. 0. 0. 0. 0.
 0. 0. 0. 0. 0. 0. 0. 0. 0. 0. 0. 0. 0. 0. 0. 0. 0. 0. 0. 0. 0. 0. 0. 0.
 0. 0. 0. 0. 0. 0. 0. 0. 0. 0. 0. 0. 0. 0. 0. 0. 0. 0. 0. 0. 0. 0. 0. 0.
 0. 0. 0. 0.]
[INFO] Sample predictions (first 100): [1. 1. 1. 1. 1. 1. 1. 1. 3. 3. 3. 3. 3. 3. 3. 3. 3. 3. 3. 3. 3. 3. 3. 3.
 3. 3. 3. 3. 3. 3. 3. 3. 3. 3. 3. 3. 3. 3. 3. 3. 3. 3. 3. 3. 3. 3. 3. 3.
 3. 3. 3. 3. 3. 3. 3. 3. 3. 3. 3. 3. 3. 3. 3. 3. 3. 3. 3. 1. 1. 2. 2. 2.
 2. 2. 2. 2. 2. 2. 2. 2. 2. 2. 2. 2. 2. 2. 2. 2. 2. 2. 2. 2. 2. 2. 2. 2.
 2. 2. 2. 2.]
[INFO] Modality names: ['RGB', 'AUDIO']
[INFO] Class 0 top modality: AUDIO
[INFO] Class 1 top modality: AUDIO
[INFO] Class 2 top modality: RGB
[INFO] Class 3 top modality: AUDIO
[INFO] Class 4 top modality: AUDIO
[INFO] Class 5 top modality: RGB
[INFO] Class 6 top modality: AUDIO
[INFO] Per-category modality contribution matrix shape: (7, 2)
[INFO] Per-category top modality mapping: ['AUDIO', 'AUDIO', 'RGB', 'AUDIO', 'AUDIO', 'RGB', 'AUDIO']
[INFO] 
Test Metrics:
[INFO]   ROC AUC: 0.9335
[INFO]   mAP: 0.9183

[INFO]   F1 Score: 0.7582
[INFO]   Precision: 0.8906
[INFO]   Recall: 0.7036
[INFO]   Accuracy: 0.7036
[INFO] 
Classification Report:
              precision    recall  f1-score   support

      Normal       0.99      0.66      0.79   1792579
    Fighting       0.37      0.81      0.51    125428
    Shooting       0.34      0.62      0.44     37114
   Explosion       0.15      0.97      0.26     41542
        Riot       0.81      0.91      0.86    272294
       Abuse       0.04      0.69      0.07      3324
Car accident       0.26      0.70      0.38     58103

    accuracy                           0.70   2330384
   macro avg       0.42      0.77      0.47   2330384
weighted avg       0.89      0.70      0.76   2330384

[INFO] 
Confusion Matrix:
[[1182939  157961   38051  199776   53519   47686  112647]
 [   1658  102126    3854    2339    3587   11738     126]
 [    746    5477   22979    6236     247     993     436]
 [      0      85    1088   40260      59       0      50]
 [   5587    7057     188   10122  248636     640      64]
 [    168     334     312     231       0    2279       0]
 [   4678    1088    1704    9804      16     264   40549]]
[INFO] 
================================================================================
[INFO] EPOCH 14/50 | Mode: Multi | Weights: Inverse
[INFO] ================================================================================

[INFO] [TRAIN] Epoch completed in 200.06s
[INFO] [TRAIN] Average Loss: 0.1021
[INFO] Epoch training completed in 200.06s | Loss: 0.1021
[INFO] Predictions shape: (145649,)
[INFO] Probabilities shape: (145649, 7)
[INFO] Ground truth shape: 2330384
[INFO] ground truth sample (first 100): [0. 0. 0. 0. 0. 0. 0. 0. 0. 0. 0. 0. 0. 0. 0. 0. 0. 0. 0. 0. 0. 0. 0. 0.
 0. 0. 0. 0. 0. 0. 0. 0. 0. 0. 0. 0. 0. 0. 0. 0. 0. 0. 0. 0. 0. 0. 0. 0.
 0. 0. 0. 0. 0. 0. 0. 0. 0. 0. 0. 0. 0. 0. 0. 0. 0. 0. 0. 0. 0. 0. 0. 0.
 0. 0. 0. 0. 0. 0. 0. 0. 0. 0. 0. 0. 0. 0. 0. 0. 0. 0. 0. 0. 0. 0. 0. 0.
 0. 0. 0. 0.]
[INFO] Sample predictions (first 100): [1. 1. 1. 1. 1. 1. 1. 1. 3. 3. 3. 3. 3. 3. 3. 3. 3. 3. 3. 3. 3. 3. 3. 3.
 3. 3. 3. 3. 3. 3. 3. 3. 3. 3. 3. 3. 3. 3. 3. 3. 3. 3. 3. 3. 3. 3. 3. 3.
 3. 3. 3. 3. 3. 3. 3. 3. 3. 3. 3. 3. 3. 3. 3. 3. 3. 3. 3. 1. 1. 2. 2. 2.
 2. 2. 2. 2. 2. 2. 2. 2. 2. 2. 2. 2. 2. 2. 2. 2. 2. 2. 2. 2. 2. 2. 2. 2.
 2. 2. 2. 2.]
[INFO] Modality names: ['RGB', 'AUDIO']
[INFO] Class 0 top modality: AUDIO
[INFO] Class 1 top modality: AUDIO
[INFO] Class 2 top modality: RGB
[INFO] Class 3 top modality: AUDIO
[INFO] Class 4 top modality: AUDIO
[INFO] Class 5 top modality: RGB
[INFO] Class 6 top modality: AUDIO
[INFO] Per-category modality contribution matrix shape: (7, 2)
[INFO] Per-category top modality mapping: ['AUDIO', 'AUDIO', 'RGB', 'AUDIO', 'AUDIO', 'RGB', 'AUDIO']
[INFO] 
Test Metrics:
[INFO]   ROC AUC: 0.9359
[INFO]   mAP: 0.9201

[INFO]   F1 Score: 0.7584
[INFO]   Precision: 0.8919
[INFO]   Recall: 0.7041
[INFO]   Accuracy: 0.7041
[INFO] 
Classification Report:
              precision    recall  f1-score   support

      Normal       0.99      0.66      0.79   1792579
    Fighting       0.38      0.84      0.52    125428
    Shooting       0.37      0.57      0.45     37114
   Explosion       0.14      0.97      0.25     41542
        Riot       0.81      0.92      0.86    272294
       Abuse       0.04      0.65      0.08      3324
Car accident       0.26      0.72      0.38     58103

    accuracy                           0.70   2330384
   macro avg       0.43      0.76      0.48   2330384
weighted avg       0.89      0.70      0.76   2330384

[INFO] 
Confusion Matrix:
[[1180416  155497   30886  214679   55893   39647  115561]
 [   1641  105126    2652    2602    3697    9568     142]
 [    730    6119   21284    7434     263     690     594]
 [      0      75     878   40496      43       0      50]
 [   4707    6993     124   10370  249700     336      64]
 [    168     494     200     295       0    2167       0]
 [   3746    1088    1352   10044      36     280   41557]]
[INFO] 
================================================================================
[INFO] EPOCH 15/50 | Mode: Multi | Weights: Inverse
[INFO] ================================================================================

[INFO] [TRAIN] Epoch completed in 200.52s
[INFO] [TRAIN] Average Loss: 0.1020
[INFO] Epoch training completed in 200.52s | Loss: 0.1020
[INFO] Model checkpoint saved
[INFO] Predictions shape: (145649,)
[INFO] Probabilities shape: (145649, 7)
[INFO] Ground truth shape: 2330384
[INFO] ground truth sample (first 100): [0. 0. 0. 0. 0. 0. 0. 0. 0. 0. 0. 0. 0. 0. 0. 0. 0. 0. 0. 0. 0. 0. 0. 0.
 0. 0. 0. 0. 0. 0. 0. 0. 0. 0. 0. 0. 0. 0. 0. 0. 0. 0. 0. 0. 0. 0. 0. 0.
 0. 0. 0. 0. 0. 0. 0. 0. 0. 0. 0. 0. 0. 0. 0. 0. 0. 0. 0. 0. 0. 0. 0. 0.
 0. 0. 0. 0. 0. 0. 0. 0. 0. 0. 0. 0. 0. 0. 0. 0. 0. 0. 0. 0. 0. 0. 0. 0.
 0. 0. 0. 0.]
[INFO] Sample predictions (first 100): [3. 1. 1. 1. 1. 1. 1. 1. 3. 3. 3. 3. 3. 3. 3. 3. 3. 3. 3. 3. 3. 3. 3. 3.
 3. 3. 3. 3. 3. 3. 3. 3. 3. 3. 3. 3. 3. 3. 3. 3. 3. 3. 3. 3. 3. 3. 3. 3.
 3. 3. 3. 3. 3. 3. 3. 3. 3. 3. 3. 3. 3. 3. 3. 3. 3. 3. 3. 1. 1. 2. 2. 2.
 2. 2. 2. 2. 2. 2. 2. 2. 2. 2. 2. 2. 2. 2. 2. 2. 2. 2. 2. 2. 2. 2. 2. 2.
 2. 2. 2. 2.]
[INFO] Modality names: ['RGB', 'AUDIO']
[INFO] Class 0 top modality: AUDIO
[INFO] Class 1 top modality: AUDIO
[INFO] Class 2 top modality: RGB
[INFO] Class 3 top modality: AUDIO
[INFO] Class 4 top modality: AUDIO
[INFO] Class 5 top modality: RGB
[INFO] Class 6 top modality: AUDIO
[INFO] Per-category modality contribution matrix shape: (7, 2)
[INFO] Per-category top modality mapping: ['AUDIO', 'AUDIO', 'RGB', 'AUDIO', 'AUDIO', 'RGB', 'AUDIO']
[INFO] 
Test Metrics:
[INFO]   ROC AUC: 0.9358
[INFO]   mAP: 0.9198

[INFO]   F1 Score: 0.7579
[INFO]   Precision: 0.8916
[INFO]   Recall: 0.7033
[INFO]   Accuracy: 0.7033
[INFO] 
Classification Report:
              precision    recall  f1-score   support

      Normal       0.99      0.66      0.79   1792579
    Fighting       0.38      0.83      0.52    125428
    Shooting       0.35      0.61      0.45     37114
   Explosion       0.14      0.97      0.25     41542
        Riot       0.81      0.91      0.86    272294
       Abuse       0.04      0.67      0.08      3324
Car accident       0.27      0.70      0.39     58103

    accuracy                           0.70   2330384
   macro avg       0.43      0.76      0.48   2330384
weighted avg       0.89      0.70      0.76   2330384

[INFO] 
Confusion Matrix:
[[1179934  156960   34831  215905   55109   39611  110229]
 [   1605  104268    3451    2509    3553    9900     142]
 [    714    5562   22510    6739     247     778     564]
 [      0      75    1004   40354      59       0      50]
 [   4899    6993     156   10786  249028     368      64]
 [    136     446     232     295       0    2215       0]
 [   4024    1120    1528   10388      52     248   40743]]
[INFO] 
================================================================================
[INFO] EPOCH 16/50 | Mode: Multi | Weights: Inverse
[INFO] ================================================================================

[INFO] [TRAIN] Epoch completed in 198.91s
[INFO] [TRAIN] Average Loss: 0.1014
[INFO] Epoch training completed in 198.91s | Loss: 0.1014
[INFO] Predictions shape: (145649,)
[INFO] Probabilities shape: (145649, 7)
[INFO] Ground truth shape: 2330384
[INFO] ground truth sample (first 100): [0. 0. 0. 0. 0. 0. 0. 0. 0. 0. 0. 0. 0. 0. 0. 0. 0. 0. 0. 0. 0. 0. 0. 0.
 0. 0. 0. 0. 0. 0. 0. 0. 0. 0. 0. 0. 0. 0. 0. 0. 0. 0. 0. 0. 0. 0. 0. 0.
 0. 0. 0. 0. 0. 0. 0. 0. 0. 0. 0. 0. 0. 0. 0. 0. 0. 0. 0. 0. 0. 0. 0. 0.
 0. 0. 0. 0. 0. 0. 0. 0. 0. 0. 0. 0. 0. 0. 0. 0. 0. 0. 0. 0. 0. 0. 0. 0.
 0. 0. 0. 0.]
[INFO] Sample predictions (first 100): [3. 1. 1. 1. 1. 1. 1. 1. 3. 3. 3. 3. 3. 3. 3. 3. 3. 3. 3. 3. 3. 3. 3. 3.
 3. 3. 3. 3. 3. 3. 3. 3. 3. 3. 3. 3. 3. 3. 3. 3. 3. 3. 3. 3. 3. 3. 3. 3.
 3. 3. 3. 3. 3. 3. 3. 3. 3. 3. 3. 3. 3. 3. 3. 3. 3. 3. 3. 1. 1. 1. 2. 2.
 2. 2. 2. 2. 2. 2. 2. 2. 2. 2. 2. 2. 2. 2. 2. 2. 2. 2. 2. 2. 2. 2. 2. 2.
 2. 2. 2. 2.]
[INFO] Modality names: ['RGB', 'AUDIO']
[INFO] Class 0 top modality: AUDIO
[INFO] Class 1 top modality: AUDIO
[INFO] Class 2 top modality: RGB
[INFO] Class 3 top modality: AUDIO
[INFO] Class 4 top modality: AUDIO
[INFO] Class 5 top modality: RGB
[INFO] Class 6 top modality: AUDIO
[INFO] Per-category modality contribution matrix shape: (7, 2)
[INFO] Per-category top modality mapping: ['AUDIO', 'AUDIO', 'RGB', 'AUDIO', 'AUDIO', 'RGB', 'AUDIO']
[INFO] 
Test Metrics:
[INFO]   ROC AUC: 0.9348
[INFO]   mAP: 0.9199

[INFO]   F1 Score: 0.7580
[INFO]   Precision: 0.8933
[INFO]   Recall: 0.7014
[INFO]   Accuracy: 0.7014
[INFO] 
Classification Report:
              precision    recall  f1-score   support

      Normal       0.99      0.66      0.79   1792579
    Fighting       0.38      0.82      0.52    125428
    Shooting       0.36      0.59      0.45     37114
   Explosion       0.14      0.97      0.25     41542
        Riot       0.82      0.91      0.86    272294
       Abuse       0.03      0.69      0.06      3324
Car accident       0.27      0.72      0.39     58103

    accuracy                           0.70   2330384
   macro avg       0.43      0.77      0.48   2330384
weighted avg       0.89      0.70      0.76   2330384

[INFO] 
Confusion Matrix:
[[1178568  150483   32946  212190   50722   54460  113210]
 [   1585  103166    2606    2320    3282   12327     142]
 [    714    5856   21953    6809     247    1035     500]
 [     30      75    1004   40386      27       0      20]
 [   5523    7350     108   12123  246534     592      64]
 [    180     446     200     191       0    2307       0]
 [   3480    1120    1455   10045      36     319   41648]]
[INFO] 
================================================================================
[INFO] EPOCH 17/50 | Mode: Multi | Weights: Inverse
[INFO] ================================================================================

[INFO] [TRAIN] Epoch completed in 203.11s
[INFO] [TRAIN] Average Loss: 0.1016
[INFO] Epoch training completed in 203.11s | Loss: 0.1016
[INFO] Model checkpoint saved
[INFO] Predictions shape: (145649,)
[INFO] Probabilities shape: (145649, 7)
[INFO] Ground truth shape: 2330384
[INFO] ground truth sample (first 100): [0. 0. 0. 0. 0. 0. 0. 0. 0. 0. 0. 0. 0. 0. 0. 0. 0. 0. 0. 0. 0. 0. 0. 0.
 0. 0. 0. 0. 0. 0. 0. 0. 0. 0. 0. 0. 0. 0. 0. 0. 0. 0. 0. 0. 0. 0. 0. 0.
 0. 0. 0. 0. 0. 0. 0. 0. 0. 0. 0. 0. 0. 0. 0. 0. 0. 0. 0. 0. 0. 0. 0. 0.
 0. 0. 0. 0. 0. 0. 0. 0. 0. 0. 0. 0. 0. 0. 0. 0. 0. 0. 0. 0. 0. 0. 0. 0.
 0. 0. 0. 0.]
[INFO] Sample predictions (first 100): [3. 1. 1. 1. 1. 1. 1. 1. 3. 3. 3. 3. 3. 3. 3. 3. 3. 3. 3. 3. 3. 3. 3. 3.
 3. 3. 3. 3. 3. 3. 3. 3. 3. 3. 3. 3. 3. 3. 3. 3. 3. 3. 3. 3. 3. 3. 3. 3.
 3. 3. 3. 3. 3. 3. 3. 3. 3. 3. 3. 3. 3. 3. 3. 3. 3. 3. 3. 1. 1. 1. 2. 2.
 2. 2. 2. 2. 2. 2. 2. 2. 2. 2. 2. 2. 2. 2. 2. 2. 2. 2. 2. 2. 2. 2. 2. 2.
 2. 2. 2. 2.]
[INFO] Modality names: ['RGB', 'AUDIO']
[INFO] Class 0 top modality: AUDIO
[INFO] Class 1 top modality: AUDIO
[INFO] Class 2 top modality: RGB
[INFO] Class 3 top modality: AUDIO
[INFO] Class 4 top modality: AUDIO
[INFO] Class 5 top modality: RGB
[INFO] Class 6 top modality: RGB
[INFO] Per-category modality contribution matrix shape: (7, 2)
[INFO] Per-category top modality mapping: ['AUDIO', 'AUDIO', 'RGB', 'AUDIO', 'AUDIO', 'RGB', 'RGB']
[INFO] 
Test Metrics:
[INFO]   ROC AUC: 0.9337
[INFO]   mAP: 0.9196

[INFO]   F1 Score: 0.7604
[INFO]   Precision: 0.8928
[INFO]   Recall: 0.7044
[INFO]   Accuracy: 0.7044
[INFO] 
Classification Report:
              precision    recall  f1-score   support

      Normal       0.99      0.66      0.79   1792579
    Fighting       0.38      0.83      0.52    125428
    Shooting       0.35      0.61      0.45     37114
   Explosion       0.14      0.97      0.25     41542
        Riot       0.83      0.90      0.86    272294
       Abuse       0.03      0.68      0.06      3324
Car accident       0.27      0.68      0.39     58103

    accuracy                           0.70   2330384
   macro avg       0.43      0.76      0.48   2330384
weighted avg       0.89      0.70      0.76   2330384

[INFO] 
Confusion Matrix:
[[1186810  152619   35918  212038   47613   50686  106895]
 [   1532  104117    2720    2168    2971   11778     142]
 [    698    5506   22563    6553     243     989     562]
 [     34      85    1033   40347      27       0      16]
 [   6483    8150     136   11199  245750     496      80]
 [    164     462     200     231       0    2267       0]
 [   4775    1173    1510   10584      36     296   39729]]
[INFO] 
================================================================================
[INFO] EPOCH 18/50 | Mode: Multi | Weights: Inverse
[INFO] ================================================================================

[INFO] [TRAIN] Epoch completed in 200.06s
[INFO] [TRAIN] Average Loss: 0.1012
[INFO] Epoch training completed in 200.07s | Loss: 0.1012
[INFO] Predictions shape: (145649,)
[INFO] Probabilities shape: (145649, 7)
[INFO] Ground truth shape: 2330384
[INFO] ground truth sample (first 100): [0. 0. 0. 0. 0. 0. 0. 0. 0. 0. 0. 0. 0. 0. 0. 0. 0. 0. 0. 0. 0. 0. 0. 0.
 0. 0. 0. 0. 0. 0. 0. 0. 0. 0. 0. 0. 0. 0. 0. 0. 0. 0. 0. 0. 0. 0. 0. 0.
 0. 0. 0. 0. 0. 0. 0. 0. 0. 0. 0. 0. 0. 0. 0. 0. 0. 0. 0. 0. 0. 0. 0. 0.
 0. 0. 0. 0. 0. 0. 0. 0. 0. 0. 0. 0. 0. 0. 0. 0. 0. 0. 0. 0. 0. 0. 0. 0.
 0. 0. 0. 0.]
[INFO] Sample predictions (first 100): [3. 1. 1. 1. 1. 1. 1. 1. 3. 3. 3. 3. 3. 3. 3. 3. 3. 3. 3. 3. 3. 3. 3. 3.
 3. 3. 3. 3. 3. 3. 3. 3. 3. 3. 3. 3. 3. 3. 3. 3. 3. 3. 3. 3. 3. 3. 3. 3.
 3. 3. 3. 3. 3. 3. 3. 3. 3. 3. 3. 3. 3. 3. 3. 3. 3. 3. 3. 1. 1. 2. 2. 2.
 2. 2. 2. 2. 2. 2. 2. 2. 2. 2. 2. 2. 2. 2. 2. 2. 2. 2. 2. 2. 2. 2. 2. 2.
 2. 2. 2. 2.]
[INFO] Modality names: ['RGB', 'AUDIO']
[INFO] Class 0 top modality: AUDIO
[INFO] Class 1 top modality: AUDIO
[INFO] Class 2 top modality: RGB
[INFO] Class 3 top modality: AUDIO
[INFO] Class 4 top modality: AUDIO
[INFO] Class 5 top modality: RGB
[INFO] Class 6 top modality: AUDIO
[INFO] Per-category modality contribution matrix shape: (7, 2)
[INFO] Per-category top modality mapping: ['AUDIO', 'AUDIO', 'RGB', 'AUDIO', 'AUDIO', 'RGB', 'AUDIO']
[INFO] 
Test Metrics:
[INFO]   ROC AUC: 0.9331
[INFO]   mAP: 0.9199

[INFO]   F1 Score: 0.7651
[INFO]   Precision: 0.8926
[INFO]   Recall: 0.7117
[INFO]   Accuracy: 0.7117
[INFO] 
Classification Report:
              precision    recall  f1-score   support

      Normal       0.99      0.67      0.80   1792579
    Fighting       0.38      0.82      0.52    125428
    Shooting       0.34      0.62      0.44     37114
   Explosion       0.15      0.97      0.27     41542
        Riot       0.83      0.90      0.86    272294
       Abuse       0.04      0.68      0.07      3324
Car accident       0.26      0.72      0.39     58103

    accuracy                           0.71   2330384
   macro avg       0.43      0.77      0.48   2330384
weighted avg       0.89      0.71      0.77   2330384

[INFO] 
Confusion Matrix:
[[1201420  150384   37319  193920   48676   43527  117333]
 [   1908  103308    3485    2178    3200   11207     142]
 [    767    5291   23010    6262     243     867     674]
 [     16      85    1033   40331      43       0      34]
 [   6963    7894     216   10515  246146     448     112]
 [    168     446     232     215       0    2263       0]
 [   3734    1184    1569    9219      28     280   42089]]
[INFO] 
================================================================================
[INFO] EPOCH 19/50 | Mode: Multi | Weights: Inverse
[INFO] ================================================================================

[INFO] [TRAIN] Epoch completed in 202.52s
[INFO] [TRAIN] Average Loss: 0.1005
[INFO] Epoch training completed in 202.52s | Loss: 0.1005
[INFO] Model checkpoint saved
[INFO] Predictions shape: (145649,)
[INFO] Probabilities shape: (145649, 7)
[INFO] Ground truth shape: 2330384
[INFO] ground truth sample (first 100): [0. 0. 0. 0. 0. 0. 0. 0. 0. 0. 0. 0. 0. 0. 0. 0. 0. 0. 0. 0. 0. 0. 0. 0.
 0. 0. 0. 0. 0. 0. 0. 0. 0. 0. 0. 0. 0. 0. 0. 0. 0. 0. 0. 0. 0. 0. 0. 0.
 0. 0. 0. 0. 0. 0. 0. 0. 0. 0. 0. 0. 0. 0. 0. 0. 0. 0. 0. 0. 0. 0. 0. 0.
 0. 0. 0. 0. 0. 0. 0. 0. 0. 0. 0. 0. 0. 0. 0. 0. 0. 0. 0. 0. 0. 0. 0. 0.
 0. 0. 0. 0.]
[INFO] Sample predictions (first 100): [3. 1. 1. 1. 1. 1. 1. 3. 3. 3. 3. 3. 3. 3. 3. 3. 3. 3. 3. 3. 3. 3. 3. 3.
 3. 3. 3. 3. 3. 3. 3. 3. 3. 3. 3. 3. 3. 3. 3. 3. 3. 3. 3. 3. 3. 3. 3. 3.
 3. 3. 3. 3. 3. 3. 3. 3. 3. 3. 3. 3. 3. 3. 3. 3. 3. 3. 3. 1. 1. 2. 2. 2.
 2. 2. 2. 2. 2. 2. 2. 2. 2. 2. 2. 2. 2. 2. 2. 2. 2. 2. 2. 2. 2. 2. 2. 2.
 2. 2. 2. 2.]
[INFO] Modality names: ['RGB', 'AUDIO']
[INFO] Class 0 top modality: AUDIO
[INFO] Class 1 top modality: AUDIO
[INFO] Class 2 top modality: RGB
[INFO] Class 3 top modality: AUDIO
[INFO] Class 4 top modality: AUDIO
[INFO] Class 5 top modality: RGB
[INFO] Class 6 top modality: AUDIO
[INFO] Per-category modality contribution matrix shape: (7, 2)
[INFO] Per-category top modality mapping: ['AUDIO', 'AUDIO', 'RGB', 'AUDIO', 'AUDIO', 'RGB', 'AUDIO']
[INFO] 
Test Metrics:
[INFO]   ROC AUC: 0.9353
[INFO]   mAP: 0.9207

[INFO]   F1 Score: 0.7600
[INFO]   Precision: 0.8924
[INFO]   Recall: 0.7055
[INFO]   Accuracy: 0.7055
[INFO] 
Classification Report:
              precision    recall  f1-score   support

      Normal       0.99      0.66      0.79   1792579
    Fighting       0.40      0.82      0.54    125428
    Shooting       0.34      0.61      0.44     37114
   Explosion       0.14      0.97      0.25     41542
        Riot       0.81      0.92      0.86    272294
       Abuse       0.04      0.67      0.07      3324
Car accident       0.27      0.72      0.39     58103

    accuracy                           0.71   2330384
   macro avg       0.43      0.77      0.48   2330384
weighted avg       0.89      0.71      0.76   2330384

[INFO] 
Confusion Matrix:
[[1183756  142702   36950  215321   56262   42525  115063]
 [   2025  102938    3673    2416    3764   10429     183]
 [    714    5164   22617    6867     263     807     682]
 [     16      64     940   40429      59       0      34]
 [   4851    6182     140   10511  250050     448     112]
 [    120     478     200     279       0    2231      16]
 [   3174    1064    1512    9953      82     264   42054]]
[INFO] 
================================================================================
[INFO] EPOCH 20/50 | Mode: Multi | Weights: Inverse
[INFO] ================================================================================

[INFO] 
Training interrupted by user
