[INFO] === XDVioDet Training Started ===
[INFO] Mode: Multi | Weights: Inverse | Optimizer: Adam
[INFO] LR: 0.0001 | Batch Size: 128 | Max Epochs: 50
[INFO] Logging to: ./ckpt/wsanodet_New_MIX2_v1.1_/logs
[INFO] Device: cuda
[INFO] Using inverse class weights: [1.        1.1216551 1.2287924 1.2640641 1.1746114 6.0676346 1.1627792]
[INFO] Data loaders created | Train batches: 155 | Test batches: 800
[INFO] Model loaded on cuda:0
[INFO] Adam optimizer created | LR: 0.0001
[INFO] Using weighted cross-entropy loss
[INFO] Ground truth loaded: (2330384,)
[INFO] 
================================================================================
[INFO] EPOCH 1/50 | Mode: Multi | Weights: Inverse
[INFO] ================================================================================

[INFO] [TRAIN] Epoch completed in 167.29s
[INFO] [TRAIN] Average Loss: 2.7054
[INFO] Epoch training completed in 167.30s | Loss: 2.7054
[INFO] Predictions shape: (145649,)
[INFO] Probabilities shape: (145649, 7)
[INFO] Ground truth shape: 2330384
[INFO] ground truth sample (first 100): [0. 0. 0. 0. 0. 0. 0. 0. 0. 0. 0. 0. 0. 0. 0. 0. 0. 0. 0. 0. 0. 0. 0. 0.
 0. 0. 0. 0. 0. 0. 0. 0. 0. 0. 0. 0. 0. 0. 0. 0. 0. 0. 0. 0. 0. 0. 0. 0.
 0. 0. 0. 0. 0. 0. 0. 0. 0. 0. 0. 0. 0. 0. 0. 0. 0. 0. 0. 0. 0. 0. 0. 0.
 0. 0. 0. 0. 0. 0. 0. 0. 0. 0. 0. 0. 0. 0. 0. 0. 0. 0. 0. 0. 0. 0. 0. 0.
 0. 0. 0. 0.]
[INFO] Sample predictions (first 100): [1. 1. 1. 1. 1. 1. 1. 1. 3. 3. 3. 3. 3. 3. 3. 3. 3. 3. 3. 3. 3. 3. 3. 3.
 3. 3. 3. 3. 3. 3. 3. 3. 3. 3. 3. 3. 3. 3. 3. 3. 3. 3. 3. 3. 3. 3. 3. 3.
 3. 3. 3. 3. 3. 3. 3. 0. 0. 0. 0. 0. 0. 0. 0. 0. 0. 0. 0. 1. 1. 1. 1. 3.
 3. 3. 3. 3. 3. 3. 3. 3. 3. 3. 3. 3. 3. 3. 3. 3. 3. 3. 3. 3. 3. 3. 3. 3.
 3. 3. 3. 3.]
[INFO] Modality names: ['RGB', 'AUDIO']
[INFO] Class 0 top modality: AUDIO
[INFO] Class 1 top modality: AUDIO
[INFO] Class 2 top modality: RGB
[INFO] Class 3 top modality: AUDIO
[INFO] Class 4 top modality: AUDIO
[INFO] Class 5 top modality: RGB
[INFO] Class 6 top modality: AUDIO
[INFO] Per-category modality contribution matrix shape: (7, 2)
[INFO] Per-category top modality mapping: ['AUDIO', 'AUDIO', 'RGB', 'AUDIO', 'AUDIO', 'RGB', 'AUDIO']
[INFO] 
Test Metrics:
[INFO]   ROC AUC: 0.8981
[INFO]   mAP: 0.8834

[INFO]   F1 Score: 0.7554
[INFO]   Precision: 0.8652
[INFO]   Recall: 0.7084
[INFO]   Accuracy: 0.7084
[INFO] 
Classification Report:
              precision    recall  f1-score   support

      Normal       0.97      0.70      0.81   1792579
    Fighting       0.51      0.49      0.50    125428
    Shooting       0.45      0.09      0.15     37114
   Explosion       0.15      0.88      0.25     41542
        Riot       0.64      0.89      0.75    272294
       Abuse       0.03      0.16      0.05      3324
Car accident       0.19      0.88      0.31     58103

    accuracy                           0.71   2330384
   macro avg       0.42      0.58      0.40   2330384
weighted avg       0.87      0.71      0.76   2330384

[INFO] 
Confusion Matrix:
[[1255885   47839     920  149655  119020   10586  208674]
 [  15791   61329    2969   25121   13703    6112     403]
 [   1927    5997    3399   23617     206     769    1199]
 [    973      59     184   36743     499      18    3066]
 [  15740    3867     112    9466  242164     235     710]
 [    506     320       0    1978       0     520       0]
 [    986      29       0    5580     632       0   50876]]
[INFO] 
================================================================================
[INFO] EPOCH 2/50 | Mode: Multi | Weights: Inverse
[INFO] ================================================================================

[INFO] [TRAIN] Epoch completed in 171.80s
[INFO] [TRAIN] Average Loss: 1.9401
[INFO] Epoch training completed in 171.80s | Loss: 1.9401
[INFO] Predictions shape: (145649,)
[INFO] Probabilities shape: (145649, 7)
[INFO] Ground truth shape: 2330384
[INFO] ground truth sample (first 100): [0. 0. 0. 0. 0. 0. 0. 0. 0. 0. 0. 0. 0. 0. 0. 0. 0. 0. 0. 0. 0. 0. 0. 0.
 0. 0. 0. 0. 0. 0. 0. 0. 0. 0. 0. 0. 0. 0. 0. 0. 0. 0. 0. 0. 0. 0. 0. 0.
 0. 0. 0. 0. 0. 0. 0. 0. 0. 0. 0. 0. 0. 0. 0. 0. 0. 0. 0. 0. 0. 0. 0. 0.
 0. 0. 0. 0. 0. 0. 0. 0. 0. 0. 0. 0. 0. 0. 0. 0. 0. 0. 0. 0. 0. 0. 0. 0.
 0. 0. 0. 0.]
[INFO] Sample predictions (first 100): [1. 1. 1. 1. 1. 1. 1. 1. 1. 1. 3. 3. 3. 3. 3. 3. 3. 3. 3. 3. 3. 3. 3. 3.
 3. 3. 3. 3. 3. 3. 3. 3. 3. 3. 3. 3. 3. 3. 3. 3. 3. 3. 3. 3. 3. 3. 3. 3.
 3. 3. 3. 3. 3. 1. 1. 1. 0. 0. 0. 0. 0. 0. 0. 0. 0. 0. 0. 1. 1. 1. 2. 2.
 2. 2. 2. 2. 2. 2. 2. 2. 2. 2. 2. 2. 2. 2. 2. 2. 2. 2. 2. 2. 2. 2. 2. 2.
 2. 2. 2. 2.]
[INFO] Modality names: ['RGB', 'AUDIO']
[INFO] Class 0 top modality: AUDIO
[INFO] Class 1 top modality: AUDIO
[INFO] Class 2 top modality: RGB
[INFO] Class 3 top modality: AUDIO
[INFO] Class 4 top modality: AUDIO
[INFO] Class 5 top modality: AUDIO
[INFO] Class 6 top modality: AUDIO
[INFO] Per-category modality contribution matrix shape: (7, 2)
[INFO] Per-category top modality mapping: ['AUDIO', 'AUDIO', 'RGB', 'AUDIO', 'AUDIO', 'AUDIO', 'AUDIO']
[INFO] 
Test Metrics:
[INFO]   ROC AUC: 0.9121
[INFO]   mAP: 0.8912

[INFO]   F1 Score: 0.7724
[INFO]   Precision: 0.8784
[INFO]   Recall: 0.7198
[INFO]   Accuracy: 0.7198
[INFO] 
Classification Report:
              precision    recall  f1-score   support

      Normal       0.97      0.71      0.82   1792579
    Fighting       0.32      0.67      0.43    125428
    Shooting       0.34      0.48      0.40     37114
   Explosion       0.24      0.92      0.38     41542
        Riot       0.82      0.77      0.79    272294
       Abuse       0.02      0.60      0.04      3324
Car accident       0.24      0.78      0.37     58103

    accuracy                           0.72   2330384
   macro avg       0.42      0.70      0.46   2330384
weighted avg       0.88      0.72      0.77   2330384

[INFO] 
Confusion Matrix:
[[1281134  141446   19395   97764   40857   70175  141808]
 [   5295   84430   12274    3287    3285   16337     520]
 [   1020    6391   17671    7239      71    2834    1888]
 [   1126     346     851   38264     324     395     236]
 [  21147   34564     547    6635  208588     717      96]
 [    322     192     270     387       0    1999     154]
 [   4532     279     608    6456     571     263   45394]]
[INFO] 
================================================================================
[INFO] EPOCH 3/50 | Mode: Multi | Weights: Inverse
[INFO] ================================================================================

[INFO] [TRAIN] Epoch completed in 207.90s
[INFO] [TRAIN] Average Loss: 1.5368
[INFO] Epoch training completed in 207.90s | Loss: 1.5368
[INFO] Model checkpoint saved
[INFO] Predictions shape: (145649,)
[INFO] Probabilities shape: (145649, 7)
[INFO] Ground truth shape: 2330384
[INFO] ground truth sample (first 100): [0. 0. 0. 0. 0. 0. 0. 0. 0. 0. 0. 0. 0. 0. 0. 0. 0. 0. 0. 0. 0. 0. 0. 0.
 0. 0. 0. 0. 0. 0. 0. 0. 0. 0. 0. 0. 0. 0. 0. 0. 0. 0. 0. 0. 0. 0. 0. 0.
 0. 0. 0. 0. 0. 0. 0. 0. 0. 0. 0. 0. 0. 0. 0. 0. 0. 0. 0. 0. 0. 0. 0. 0.
 0. 0. 0. 0. 0. 0. 0. 0. 0. 0. 0. 0. 0. 0. 0. 0. 0. 0. 0. 0. 0. 0. 0. 0.
 0. 0. 0. 0.]
[INFO] Sample predictions (first 100): [3. 1. 1. 1. 1. 1. 1. 3. 3. 3. 3. 3. 3. 3. 3. 3. 3. 3. 3. 3. 3. 3. 3. 3.
 3. 3. 3. 3. 3. 3. 3. 3. 3. 3. 3. 3. 3. 3. 3. 3. 3. 3. 3. 3. 3. 3. 3. 3.
 3. 3. 3. 3. 3. 3. 3. 0. 0. 0. 0. 0. 0. 0. 0. 0. 0. 0. 0. 5. 1. 5. 5. 2.
 2. 3. 3. 3. 3. 2. 3. 2. 2. 2. 2. 2. 2. 2. 2. 3. 2. 2. 2. 2. 3. 3. 3. 3.
 3. 2. 2. 2.]
[INFO] Modality names: ['RGB', 'AUDIO']
[INFO] Class 0 top modality: AUDIO
[INFO] Class 1 top modality: AUDIO
[INFO] Class 2 top modality: RGB
[INFO] Class 3 top modality: AUDIO
[INFO] Class 4 top modality: AUDIO
[INFO] Class 5 top modality: AUDIO
[INFO] Class 6 top modality: AUDIO
[INFO] Per-category modality contribution matrix shape: (7, 2)
[INFO] Per-category top modality mapping: ['AUDIO', 'AUDIO', 'RGB', 'AUDIO', 'AUDIO', 'AUDIO', 'AUDIO']
[INFO] 
Test Metrics:
[INFO]   ROC AUC: 0.9096
[INFO]   mAP: 0.8966

[INFO]   F1 Score: 0.7604
[INFO]   Precision: 0.8864
[INFO]   Recall: 0.7017
[INFO]   Accuracy: 0.7017
[INFO] 
Classification Report:
              precision    recall  f1-score   support

      Normal       0.99      0.68      0.80   1792579
    Fighting       0.38      0.62      0.47    125428
    Shooting       0.37      0.27      0.31     37114
   Explosion       0.22      0.92      0.35     41542
        Riot       0.78      0.88      0.83    272294
       Abuse       0.02      0.71      0.03      3324
Car accident       0.21      0.89      0.34     58103

    accuracy                           0.70   2330384
   macro avg       0.42      0.71      0.45   2330384
weighted avg       0.89      0.70      0.76   2330384

[INFO] 
Confusion Matrix:
[[1214637  101886   10274  105261   62626  107785  190110]
 [   3696   77193    6437    8181    2969   25881    1071]
 [    795    5225   10198   13529     159    3487    3721]
 [    701      92     352   38169    1248      91     889]
 [   9800   15751     192    4489  240735     751     576]
 [    182       0     172     387       0    2347     236]
 [    541     365     215    4688     327     122   51845]]
[INFO] 
================================================================================
[INFO] EPOCH 4/50 | Mode: Multi | Weights: Inverse
[INFO] ================================================================================

[INFO] [TRAIN] Epoch completed in 206.23s
[INFO] [TRAIN] Average Loss: 1.2555
[INFO] Epoch training completed in 206.23s | Loss: 1.2555
[INFO] Predictions shape: (145649,)
[INFO] Probabilities shape: (145649, 7)
[INFO] Ground truth shape: 2330384
[INFO] ground truth sample (first 100): [0. 0. 0. 0. 0. 0. 0. 0. 0. 0. 0. 0. 0. 0. 0. 0. 0. 0. 0. 0. 0. 0. 0. 0.
 0. 0. 0. 0. 0. 0. 0. 0. 0. 0. 0. 0. 0. 0. 0. 0. 0. 0. 0. 0. 0. 0. 0. 0.
 0. 0. 0. 0. 0. 0. 0. 0. 0. 0. 0. 0. 0. 0. 0. 0. 0. 0. 0. 0. 0. 0. 0. 0.
 0. 0. 0. 0. 0. 0. 0. 0. 0. 0. 0. 0. 0. 0. 0. 0. 0. 0. 0. 0. 0. 0. 0. 0.
 0. 0. 0. 0.]
[INFO] Sample predictions (first 100): [6. 2. 2. 2. 2. 2. 2. 6. 6. 6. 6. 3. 3. 3. 3. 3. 3. 3. 3. 3. 3. 3. 3. 3.
 3. 3. 3. 3. 3. 3. 3. 3. 3. 3. 3. 3. 3. 3. 3. 3. 3. 3. 3. 3. 3. 3. 3. 3.
 3. 3. 3. 3. 3. 3. 3. 3. 0. 0. 0. 0. 0. 0. 0. 0. 0. 0. 0. 1. 1. 2. 2. 2.
 2. 2. 2. 2. 2. 2. 2. 2. 2. 2. 2. 2. 2. 2. 2. 2. 2. 2. 2. 2. 2. 2. 1. 2.
 2. 2. 2. 2.]
[INFO] Modality names: ['RGB', 'AUDIO']
[INFO] Class 0 top modality: AUDIO
[INFO] Class 1 top modality: AUDIO
[INFO] Class 2 top modality: RGB
[INFO] Class 3 top modality: AUDIO
[INFO] Class 4 top modality: AUDIO
[INFO] Class 5 top modality: AUDIO
[INFO] Class 6 top modality: AUDIO
[INFO] Per-category modality contribution matrix shape: (7, 2)
[INFO] Per-category top modality mapping: ['AUDIO', 'AUDIO', 'RGB', 'AUDIO', 'AUDIO', 'AUDIO', 'AUDIO']
[INFO] 
Test Metrics:
[INFO]   ROC AUC: 0.9071
[INFO]   mAP: 0.8946

[INFO]   F1 Score: 0.7800
[INFO]   Precision: 0.8835
[INFO]   Recall: 0.7281
[INFO]   Accuracy: 0.7281
[INFO] 
Classification Report:
              precision    recall  f1-score   support

      Normal       0.97      0.72      0.83   1792579
    Fighting       0.37      0.66      0.48    125428
    Shooting       0.23      0.44      0.30     37114
   Explosion       0.23      0.94      0.37     41542
        Riot       0.86      0.80      0.82    272294
       Abuse       0.03      0.69      0.05      3324
Car accident       0.24      0.83      0.37     58103

    accuracy                           0.73   2330384
   macro avg       0.42      0.72      0.46   2330384
weighted avg       0.88      0.73      0.78   2330384

[INFO] 
Confusion Matrix:
[[1291322  105268   43101  106204   34700   65763  146221]
 [  11212   82972    8734    2386    1003   18451     670]
 [    784    8077   16148    6339       0    1957    3809]
 [    519     183     871   39101     603      48     217]
 [  17990   26302     349   10256  216606     519     272]
 [    186     126     398      70       0    2294     250]
 [   2899     112    1455    5180     160      40   48257]]
[INFO] 
================================================================================
[INFO] EPOCH 5/50 | Mode: Multi | Weights: Inverse
[INFO] ================================================================================

[INFO] [TRAIN] Epoch completed in 207.92s
[INFO] [TRAIN] Average Loss: 1.1188
[INFO] Epoch training completed in 207.92s | Loss: 1.1188
[INFO] Model checkpoint saved
[INFO] Predictions shape: (145649,)
[INFO] Probabilities shape: (145649, 7)
[INFO] Ground truth shape: 2330384
[INFO] ground truth sample (first 100): [0. 0. 0. 0. 0. 0. 0. 0. 0. 0. 0. 0. 0. 0. 0. 0. 0. 0. 0. 0. 0. 0. 0. 0.
 0. 0. 0. 0. 0. 0. 0. 0. 0. 0. 0. 0. 0. 0. 0. 0. 0. 0. 0. 0. 0. 0. 0. 0.
 0. 0. 0. 0. 0. 0. 0. 0. 0. 0. 0. 0. 0. 0. 0. 0. 0. 0. 0. 0. 0. 0. 0. 0.
 0. 0. 0. 0. 0. 0. 0. 0. 0. 0. 0. 0. 0. 0. 0. 0. 0. 0. 0. 0. 0. 0. 0. 0.
 0. 0. 0. 0.]
[INFO] Sample predictions (first 100): [3. 2. 2. 2. 2. 2. 2. 2. 2. 3. 3. 3. 3. 3. 3. 3. 3. 3. 3. 3. 3. 3. 3. 3.
 3. 3. 3. 3. 3. 3. 3. 3. 3. 3. 3. 3. 3. 3. 3. 3. 3. 3. 3. 3. 3. 3. 3. 3.
 3. 3. 3. 3. 3. 3. 0. 0. 0. 0. 0. 0. 0. 0. 0. 0. 0. 0. 0. 1. 1. 2. 2. 2.
 2. 2. 2. 2. 2. 2. 2. 2. 2. 2. 2. 2. 2. 2. 2. 2. 2. 2. 2. 2. 2. 2. 2. 2.
 2. 2. 2. 2.]
[INFO] Modality names: ['RGB', 'AUDIO']
[INFO] Class 0 top modality: AUDIO
[INFO] Class 1 top modality: AUDIO
[INFO] Class 2 top modality: RGB
[INFO] Class 3 top modality: AUDIO
[INFO] Class 4 top modality: AUDIO
[INFO] Class 5 top modality: AUDIO
[INFO] Class 6 top modality: AUDIO
[INFO] Per-category modality contribution matrix shape: (7, 2)
[INFO] Per-category top modality mapping: ['AUDIO', 'AUDIO', 'RGB', 'AUDIO', 'AUDIO', 'AUDIO', 'AUDIO']
[INFO] 
Test Metrics:
[INFO]   ROC AUC: 0.9251
[INFO]   mAP: 0.9109

[INFO]   F1 Score: 0.8194
[INFO]   Precision: 0.8906
[INFO]   Recall: 0.7793
[INFO]   Accuracy: 0.7793
[INFO] 
Classification Report:
              precision    recall  f1-score   support

      Normal       0.97      0.78      0.87   1792579
    Fighting       0.50      0.62      0.56    125428
    Shooting       0.33      0.53      0.41     37114
   Explosion       0.26      0.91      0.40     41542
        Riot       0.84      0.88      0.86    272294
       Abuse       0.02      0.71      0.05      3324
Car accident       0.28      0.74      0.40     58103

    accuracy                           0.78   2330384
   macro avg       0.46      0.74      0.51   2330384
weighted avg       0.89      0.78      0.82   2330384

[INFO] 
Confusion Matrix:
[[1394777   63735   26568   91843   43885   62181  109590]
 [   8221   77792    9812     962    2078   26240     323]
 [   1520    5059   19665    6520      29    2685    1636]
 [    862     131     989   37997    1281     120     162]
 [  19112    8003     947    2723  240558     903      48]
 [    505       0     398      22       0    2351      48]
 [   7243     128    1141    6333     169     128   42961]]
[INFO] 
================================================================================
[INFO] EPOCH 6/50 | Mode: Multi | Weights: Inverse
[INFO] ================================================================================

[INFO] [TRAIN] Epoch completed in 205.64s
[INFO] [TRAIN] Average Loss: 1.0334
[INFO] Epoch training completed in 205.64s | Loss: 1.0334
[INFO] Predictions shape: (145649,)
[INFO] Probabilities shape: (145649, 7)
[INFO] Ground truth shape: 2330384
[INFO] ground truth sample (first 100): [0. 0. 0. 0. 0. 0. 0. 0. 0. 0. 0. 0. 0. 0. 0. 0. 0. 0. 0. 0. 0. 0. 0. 0.
 0. 0. 0. 0. 0. 0. 0. 0. 0. 0. 0. 0. 0. 0. 0. 0. 0. 0. 0. 0. 0. 0. 0. 0.
 0. 0. 0. 0. 0. 0. 0. 0. 0. 0. 0. 0. 0. 0. 0. 0. 0. 0. 0. 0. 0. 0. 0. 0.
 0. 0. 0. 0. 0. 0. 0. 0. 0. 0. 0. 0. 0. 0. 0. 0. 0. 0. 0. 0. 0. 0. 0. 0.
 0. 0. 0. 0.]
[INFO] Sample predictions (first 100): [3. 2. 2. 2. 2. 2. 2. 6. 6. 6. 6. 3. 3. 3. 3. 3. 3. 3. 3. 3. 3. 3. 3. 3.
 3. 3. 3. 3. 3. 3. 3. 3. 3. 3. 3. 3. 3. 3. 3. 3. 3. 3. 3. 3. 3. 3. 3. 3.
 3. 3. 3. 3. 3. 3. 3. 3. 3. 3. 3. 3. 3. 3. 0. 3. 3. 3. 3. 2. 1. 2. 2. 2.
 2. 2. 2. 2. 2. 2. 2. 2. 2. 2. 2. 2. 2. 2. 2. 2. 2. 2. 2. 2. 2. 2. 2. 2.
 2. 2. 2. 2.]
[INFO] Modality names: ['RGB', 'AUDIO']
[INFO] Class 0 top modality: AUDIO
[INFO] Class 1 top modality: AUDIO
[INFO] Class 2 top modality: RGB
[INFO] Class 3 top modality: AUDIO
[INFO] Class 4 top modality: AUDIO
[INFO] Class 5 top modality: RGB
[INFO] Class 6 top modality: AUDIO
[INFO] Per-category modality contribution matrix shape: (7, 2)
[INFO] Per-category top modality mapping: ['AUDIO', 'AUDIO', 'RGB', 'AUDIO', 'AUDIO', 'RGB', 'AUDIO']
[INFO] 
Test Metrics:
[INFO]   ROC AUC: 0.9297
[INFO]   mAP: 0.9108

[INFO]   F1 Score: 0.7655
[INFO]   Precision: 0.8878
[INFO]   Recall: 0.7179
[INFO]   Accuracy: 0.7179
[INFO] 
Classification Report:
              precision    recall  f1-score   support

      Normal       0.99      0.68      0.80   1792579
    Fighting       0.42      0.80      0.55    125428
    Shooting       0.28      0.50      0.36     37114
   Explosion       0.20      0.94      0.33     41542
        Riot       0.75      0.93      0.83    272294
       Abuse       0.04      0.63      0.08      3324
Car accident       0.22      0.86      0.35     58103

    accuracy                           0.72   2330384
   macro avg       0.42      0.76      0.47   2330384
weighted avg       0.89      0.72      0.77   2330384

[INFO] 
Confusion Matrix:
[[1210677  121113   38758  135708   79083   37003  170237]
 [   3435  100680    5712    2082    2739   10249     531]
 [    847    7128   18380    6802     103     974    2880]
 [     42     154    1002   39109     753      16     466]
 [   3159   11314     595    4902  251956      96     272]
 [    226     398     350      70       0    2094     186]
 [   1006     445    1155    5375      70       0   50052]]
[INFO] 
================================================================================
[INFO] EPOCH 7/50 | Mode: Multi | Weights: Inverse
[INFO] ================================================================================

[INFO] [TRAIN] Epoch completed in 206.91s
[INFO] [TRAIN] Average Loss: 0.9621
[INFO] Epoch training completed in 206.91s | Loss: 0.9621
[INFO] Model checkpoint saved
[INFO] Predictions shape: (145649,)
[INFO] Probabilities shape: (145649, 7)
[INFO] Ground truth shape: 2330384
[INFO] ground truth sample (first 100): [0. 0. 0. 0. 0. 0. 0. 0. 0. 0. 0. 0. 0. 0. 0. 0. 0. 0. 0. 0. 0. 0. 0. 0.
 0. 0. 0. 0. 0. 0. 0. 0. 0. 0. 0. 0. 0. 0. 0. 0. 0. 0. 0. 0. 0. 0. 0. 0.
 0. 0. 0. 0. 0. 0. 0. 0. 0. 0. 0. 0. 0. 0. 0. 0. 0. 0. 0. 0. 0. 0. 0. 0.
 0. 0. 0. 0. 0. 0. 0. 0. 0. 0. 0. 0. 0. 0. 0. 0. 0. 0. 0. 0. 0. 0. 0. 0.
 0. 0. 0. 0.]
[INFO] Sample predictions (first 100): [6. 2. 2. 2. 2. 2. 2. 2. 6. 6. 3. 3. 3. 3. 3. 3. 3. 3. 3. 3. 3. 3. 3. 3.
 3. 3. 3. 3. 3. 3. 3. 3. 3. 3. 3. 3. 3. 3. 3. 3. 3. 3. 3. 3. 3. 3. 3. 3.
 3. 3. 3. 3. 3. 3. 3. 3. 0. 4. 0. 0. 0. 0. 0. 0. 0. 0. 0. 2. 1. 2. 2. 2.
 2. 2. 3. 2. 2. 2. 2. 2. 2. 2. 2. 2. 2. 2. 2. 2. 2. 2. 2. 2. 2. 2. 2. 2.
 2. 2. 2. 2.]
[INFO] Modality names: ['RGB', 'AUDIO']
[INFO] Class 0 top modality: AUDIO
[INFO] Class 1 top modality: AUDIO
[INFO] Class 2 top modality: RGB
[INFO] Class 3 top modality: AUDIO
[INFO] Class 4 top modality: AUDIO
[INFO] Class 5 top modality: AUDIO
[INFO] Class 6 top modality: AUDIO
[INFO] Per-category modality contribution matrix shape: (7, 2)
[INFO] Per-category top modality mapping: ['AUDIO', 'AUDIO', 'RGB', 'AUDIO', 'AUDIO', 'AUDIO', 'AUDIO']
[INFO] 
Test Metrics:
[INFO]   ROC AUC: 0.9256
[INFO]   mAP: 0.9098

[INFO]   F1 Score: 0.7939
[INFO]   Precision: 0.8945
[INFO]   Recall: 0.7433
[INFO]   Accuracy: 0.7433
[INFO] 
Classification Report:
              precision    recall  f1-score   support

      Normal       0.99      0.72      0.83   1792579
    Fighting       0.49      0.64      0.55    125428
    Shooting       0.24      0.47      0.32     37114
   Explosion       0.24      0.91      0.38     41542
        Riot       0.81      0.92      0.86    272294
       Abuse       0.02      0.82      0.04      3324
Car accident       0.26      0.84      0.39     58103

    accuracy                           0.74   2330384
   macro avg       0.44      0.76      0.48   2330384
weighted avg       0.89      0.74      0.79   2330384

[INFO] 
Confusion Matrix:
[[1296070   69049   43754  102385   53986   90179  137156]
 [   4963   79859    6945    1018    2351   29741     551]
 [    898    5793   17412    7440      83    2833    2655]
 [    217      96     827   37778    2063     177     384]
 [   8435    8675     850    3064  249303    1743     224]
 [    182       0     238       0       0    2734     170]
 [   2851      80    1158    4763     102     177   48972]]
[INFO] 
================================================================================
[INFO] EPOCH 8/50 | Mode: Multi | Weights: Inverse
[INFO] ================================================================================

[INFO] [TRAIN] Epoch completed in 207.77s
[INFO] [TRAIN] Average Loss: 0.9119
[INFO] Epoch training completed in 207.77s | Loss: 0.9119
[INFO] Predictions shape: (145649,)
[INFO] Probabilities shape: (145649, 7)
[INFO] Ground truth shape: 2330384
[INFO] ground truth sample (first 100): [0. 0. 0. 0. 0. 0. 0. 0. 0. 0. 0. 0. 0. 0. 0. 0. 0. 0. 0. 0. 0. 0. 0. 0.
 0. 0. 0. 0. 0. 0. 0. 0. 0. 0. 0. 0. 0. 0. 0. 0. 0. 0. 0. 0. 0. 0. 0. 0.
 0. 0. 0. 0. 0. 0. 0. 0. 0. 0. 0. 0. 0. 0. 0. 0. 0. 0. 0. 0. 0. 0. 0. 0.
 0. 0. 0. 0. 0. 0. 0. 0. 0. 0. 0. 0. 0. 0. 0. 0. 0. 0. 0. 0. 0. 0. 0. 0.
 0. 0. 0. 0.]
[INFO] Sample predictions (first 100): [6. 6. 2. 2. 2. 2. 2. 2. 6. 6. 3. 3. 3. 3. 3. 3. 3. 3. 3. 3. 3. 3. 3. 3.
 3. 3. 3. 3. 3. 3. 3. 3. 3. 3. 3. 3. 3. 3. 3. 3. 3. 3. 3. 3. 3. 3. 3. 3.
 3. 3. 3. 3. 3. 3. 3. 3. 3. 0. 0. 0. 0. 0. 0. 0. 0. 0. 0. 2. 2. 2. 2. 2.
 2. 2. 2. 2. 2. 2. 2. 2. 2. 2. 2. 2. 2. 2. 2. 2. 2. 2. 2. 2. 2. 2. 2. 2.
 2. 2. 2. 2.]
[INFO] Modality names: ['RGB', 'AUDIO']
[INFO] Class 0 top modality: AUDIO
[INFO] Class 1 top modality: AUDIO
[INFO] Class 2 top modality: RGB
[INFO] Class 3 top modality: AUDIO
[INFO] Class 4 top modality: AUDIO
[INFO] Class 5 top modality: RGB
[INFO] Class 6 top modality: AUDIO
[INFO] Per-category modality contribution matrix shape: (7, 2)
[INFO] Per-category top modality mapping: ['AUDIO', 'AUDIO', 'RGB', 'AUDIO', 'AUDIO', 'RGB', 'AUDIO']
[INFO] 
Test Metrics:
[INFO]   ROC AUC: 0.9286
[INFO]   mAP: 0.9144

[INFO]   F1 Score: 0.8005
[INFO]   Precision: 0.8951
[INFO]   Recall: 0.7558
[INFO]   Accuracy: 0.7558
[INFO] 
Classification Report:
              precision    recall  f1-score   support

      Normal       0.99      0.73      0.84   1792579
    Fighting       0.50      0.71      0.59    125428
    Shooting       0.27      0.48      0.35     37114
   Explosion       0.23      0.93      0.37     41542
        Riot       0.80      0.91      0.85    272294
       Abuse       0.03      0.71      0.06      3324
Car accident       0.25      0.88      0.39     58103

    accuracy                           0.76   2330384
   macro avg       0.44      0.77      0.49   2330384
weighted avg       0.90      0.76      0.80   2330384

[INFO] 
Confusion Matrix:
[[1313541   73384   39375  111318   58017   48473  148471]
 [   6297   89550    4846     904    2127   21043     661]
 [    976    6427   17747    6803      45    1604    3512]
 [    223      74     873   38703     939     104     626]
 [   6759    9799     450    6114  248364     424     384]
 [    288     158     318      22       0    2352     186]
 [   1884      64    1239    3720      60      16   51120]]
[INFO] 
================================================================================
[INFO] EPOCH 9/50 | Mode: Multi | Weights: Inverse
[INFO] ================================================================================

[INFO] [TRAIN] Epoch completed in 206.06s
[INFO] [TRAIN] Average Loss: 0.8597
[INFO] Epoch training completed in 206.06s | Loss: 0.8597
[INFO] Model checkpoint saved
[INFO] Predictions shape: (145649,)
[INFO] Probabilities shape: (145649, 7)
[INFO] Ground truth shape: 2330384
[INFO] ground truth sample (first 100): [0. 0. 0. 0. 0. 0. 0. 0. 0. 0. 0. 0. 0. 0. 0. 0. 0. 0. 0. 0. 0. 0. 0. 0.
 0. 0. 0. 0. 0. 0. 0. 0. 0. 0. 0. 0. 0. 0. 0. 0. 0. 0. 0. 0. 0. 0. 0. 0.
 0. 0. 0. 0. 0. 0. 0. 0. 0. 0. 0. 0. 0. 0. 0. 0. 0. 0. 0. 0. 0. 0. 0. 0.
 0. 0. 0. 0. 0. 0. 0. 0. 0. 0. 0. 0. 0. 0. 0. 0. 0. 0. 0. 0. 0. 0. 0. 0.
 0. 0. 0. 0.]
[INFO] Sample predictions (first 100): [6. 6. 6. 2. 2. 2. 6. 6. 6. 6. 6. 3. 3. 3. 3. 3. 3. 3. 3. 3. 3. 3. 3. 3.
 3. 3. 3. 3. 3. 3. 3. 3. 3. 3. 3. 3. 3. 3. 3. 3. 3. 3. 3. 3. 3. 3. 3. 3.
 3. 3. 3. 3. 3. 3. 3. 4. 4. 4. 0. 0. 0. 0. 0. 3. 3. 3. 3. 2. 2. 2. 2. 2.
 2. 2. 3. 2. 2. 2. 2. 2. 2. 2. 2. 2. 2. 2. 2. 2. 2. 2. 2. 2. 2. 2. 2. 2.
 2. 2. 2. 2.]
[INFO] Modality names: ['RGB', 'AUDIO']
[INFO] Class 0 top modality: AUDIO
[INFO] Class 1 top modality: AUDIO
[INFO] Class 2 top modality: RGB
[INFO] Class 3 top modality: AUDIO
[INFO] Class 4 top modality: AUDIO
[INFO] Class 5 top modality: AUDIO
[INFO] Class 6 top modality: AUDIO
[INFO] Per-category modality contribution matrix shape: (7, 2)
[INFO] Per-category top modality mapping: ['AUDIO', 'AUDIO', 'RGB', 'AUDIO', 'AUDIO', 'AUDIO', 'AUDIO']
[INFO] 
Test Metrics:
[INFO]   ROC AUC: 0.9310
[INFO]   mAP: 0.9165

[INFO]   F1 Score: 0.7950
[INFO]   Precision: 0.8945
[INFO]   Recall: 0.7499
[INFO]   Accuracy: 0.7499
[INFO] 
Classification Report:
              precision    recall  f1-score   support

      Normal       0.99      0.72      0.83   1792579
    Fighting       0.52      0.73      0.61    125428
    Shooting       0.28      0.48      0.35     37114
   Explosion       0.23      0.89      0.37     41542
        Riot       0.78      0.94      0.85    272294
       Abuse       0.03      0.73      0.06      3324
Car accident       0.24      0.88      0.38     58103

    accuracy                           0.75   2330384
   macro avg       0.44      0.77      0.49   2330384
weighted avg       0.89      0.75      0.80   2330384

[INFO] 
Confusion Matrix:
[[1290519   71906   40272  109055   68141   56688  155998]
 [   4743   91677    3664    1151    2770   20708     715]
 [    918    5689   17929    7192     113    1484    3789]
 [    231      90     804   37100    2645      88     584]
 [   6060    6256     505    1972  256597     552     352]
 [    320     110     254       6       0    2432     202]
 [   1593      32    1068    4004      70       0   51336]]
[INFO] 
================================================================================
[INFO] EPOCH 10/50 | Mode: Multi | Weights: Inverse
[INFO] ================================================================================

[INFO] [TRAIN] Epoch completed in 206.68s
[INFO] [TRAIN] Average Loss: 0.8165
[INFO] Epoch training completed in 206.68s | Loss: 0.8165
[INFO] Predictions shape: (145649,)
[INFO] Probabilities shape: (145649, 7)
[INFO] Ground truth shape: 2330384
[INFO] ground truth sample (first 100): [0. 0. 0. 0. 0. 0. 0. 0. 0. 0. 0. 0. 0. 0. 0. 0. 0. 0. 0. 0. 0. 0. 0. 0.
 0. 0. 0. 0. 0. 0. 0. 0. 0. 0. 0. 0. 0. 0. 0. 0. 0. 0. 0. 0. 0. 0. 0. 0.
 0. 0. 0. 0. 0. 0. 0. 0. 0. 0. 0. 0. 0. 0. 0. 0. 0. 0. 0. 0. 0. 0. 0. 0.
 0. 0. 0. 0. 0. 0. 0. 0. 0. 0. 0. 0. 0. 0. 0. 0. 0. 0. 0. 0. 0. 0. 0. 0.
 0. 0. 0. 0.]
[INFO] Sample predictions (first 100): [6. 6. 2. 2. 2. 2. 2. 6. 6. 6. 6. 3. 3. 3. 3. 3. 3. 3. 3. 3. 3. 3. 3. 3.
 3. 3. 3. 3. 3. 3. 3. 3. 3. 3. 3. 3. 3. 3. 3. 3. 3. 3. 3. 3. 3. 3. 3. 3.
 3. 3. 3. 3. 3. 3. 3. 3. 3. 4. 3. 3. 0. 3. 0. 3. 3. 3. 3. 2. 1. 2. 2. 2.
 2. 3. 3. 3. 3. 2. 2. 2. 2. 2. 2. 2. 2. 2. 2. 2. 2. 2. 2. 2. 2. 2. 2. 2.
 2. 2. 2. 2.]
[INFO] Modality names: ['RGB', 'AUDIO']
[INFO] Class 0 top modality: AUDIO
[INFO] Class 1 top modality: AUDIO
[INFO] Class 2 top modality: RGB
[INFO] Class 3 top modality: AUDIO
[INFO] Class 4 top modality: AUDIO
[INFO] Class 5 top modality: AUDIO
[INFO] Class 6 top modality: AUDIO
[INFO] Per-category modality contribution matrix shape: (7, 2)
[INFO] Per-category top modality mapping: ['AUDIO', 'AUDIO', 'RGB', 'AUDIO', 'AUDIO', 'AUDIO', 'AUDIO']
[INFO] 
Test Metrics:
[INFO]   ROC AUC: 0.9265
[INFO]   mAP: 0.9130

[INFO]   F1 Score: 0.7737
[INFO]   Precision: 0.8928
[INFO]   Recall: 0.7211
[INFO]   Accuracy: 0.7211
[INFO] 
Classification Report:
              precision    recall  f1-score   support

      Normal       0.99      0.69      0.81   1792579
    Fighting       0.45      0.72      0.55    125428
    Shooting       0.31      0.39      0.35     37114
   Explosion       0.24      0.91      0.38     41542
        Riot       0.79      0.93      0.85    272294
       Abuse       0.02      0.81      0.04      3324
Car accident       0.22      0.92      0.35     58103

    accuracy                           0.72   2330384
   macro avg       0.43      0.77      0.48   2330384
weighted avg       0.89      0.72      0.77   2330384

[INFO] 
Confusion Matrix:
[[1228600   92328   28246  107602   65125   86197  184481]
 [   5794   89711    1624     832    2140   24505     822]
 [    759    8688   14447    7461      81    2078    3600]
 [    122     125     753   38006    1487     126     923]
 [   4476    8215     194    3536  253753    1240     880]
 [    116     190       0       0       0    2690     328]
 [    277     215     768    3235      86     316   53206]]
[INFO] 
================================================================================
[INFO] EPOCH 11/50 | Mode: Multi | Weights: Inverse
[INFO] ================================================================================

[INFO] [TRAIN] Epoch completed in 207.35s
[INFO] [TRAIN] Average Loss: 0.7668
[INFO] Epoch training completed in 207.35s | Loss: 0.7668
[INFO] Model checkpoint saved
[INFO] Predictions shape: (145649,)
[INFO] Probabilities shape: (145649, 7)
[INFO] Ground truth shape: 2330384
[INFO] ground truth sample (first 100): [0. 0. 0. 0. 0. 0. 0. 0. 0. 0. 0. 0. 0. 0. 0. 0. 0. 0. 0. 0. 0. 0. 0. 0.
 0. 0. 0. 0. 0. 0. 0. 0. 0. 0. 0. 0. 0. 0. 0. 0. 0. 0. 0. 0. 0. 0. 0. 0.
 0. 0. 0. 0. 0. 0. 0. 0. 0. 0. 0. 0. 0. 0. 0. 0. 0. 0. 0. 0. 0. 0. 0. 0.
 0. 0. 0. 0. 0. 0. 0. 0. 0. 0. 0. 0. 0. 0. 0. 0. 0. 0. 0. 0. 0. 0. 0. 0.
 0. 0. 0. 0.]
[INFO] Sample predictions (first 100): [6. 2. 2. 2. 2. 2. 2. 2. 6. 6. 6. 3. 3. 3. 3. 3. 3. 3. 3. 3. 3. 3. 3. 3.
 3. 3. 3. 3. 3. 3. 3. 3. 3. 3. 3. 3. 3. 3. 3. 3. 3. 3. 3. 3. 3. 3. 3. 3.
 3. 3. 3. 3. 3. 3. 3. 3. 3. 0. 0. 0. 0. 0. 0. 0. 0. 0. 0. 2. 2. 2. 2. 2.
 2. 2. 3. 2. 2. 2. 2. 2. 2. 2. 2. 2. 2. 2. 2. 2. 2. 2. 2. 2. 2. 2. 2. 2.
 2. 2. 2. 2.]
[INFO] Modality names: ['RGB', 'AUDIO']
[INFO] Class 0 top modality: AUDIO
[INFO] Class 1 top modality: AUDIO
[INFO] Class 2 top modality: RGB
[INFO] Class 3 top modality: AUDIO
[INFO] Class 4 top modality: AUDIO
[INFO] Class 5 top modality: RGB
[INFO] Class 6 top modality: AUDIO
[INFO] Per-category modality contribution matrix shape: (7, 2)
[INFO] Per-category top modality mapping: ['AUDIO', 'AUDIO', 'RGB', 'AUDIO', 'AUDIO', 'RGB', 'AUDIO']
[INFO] 
Test Metrics:
[INFO]   ROC AUC: 0.9273
[INFO]   mAP: 0.9160

[INFO]   F1 Score: 0.8044
[INFO]   Precision: 0.8967
[INFO]   Recall: 0.7603
[INFO]   Accuracy: 0.7603
[INFO] 
Classification Report:
              precision    recall  f1-score   support

      Normal       0.99      0.74      0.84   1792579
    Fighting       0.50      0.74      0.60    125428
    Shooting       0.26      0.50      0.34     37114
   Explosion       0.27      0.91      0.41     41542
        Riot       0.82      0.92      0.87    272294
       Abuse       0.03      0.76      0.06      3324
Car accident       0.24      0.88      0.38     58103

    accuracy                           0.76   2330384
   macro avg       0.44      0.78      0.50   2330384
weighted avg       0.90      0.76      0.80   2330384

[INFO] 
Confusion Matrix:
[[1319997   74903   46414   89492   49919   58389  153465]
 [   6659   92232    3382     720    1776   20070     589]
 [    855    6947   18487    6285      48    1491    3001]
 [    315     107     853   37706    1797     104     660]
 [   9388    8648     516    2624  249558     952     608]
 [    182     174     160       0       0    2514     294]
 [   1484     445    1372    3381      86     128   51207]]
[INFO] 
================================================================================
[INFO] EPOCH 12/50 | Mode: Multi | Weights: Inverse
[INFO] ================================================================================

[INFO] [TRAIN] Epoch completed in 209.05s
[INFO] [TRAIN] Average Loss: 0.7601
[INFO] Epoch training completed in 209.06s | Loss: 0.7601
[INFO] Predictions shape: (145649,)
[INFO] Probabilities shape: (145649, 7)
[INFO] Ground truth shape: 2330384
[INFO] ground truth sample (first 100): [0. 0. 0. 0. 0. 0. 0. 0. 0. 0. 0. 0. 0. 0. 0. 0. 0. 0. 0. 0. 0. 0. 0. 0.
 0. 0. 0. 0. 0. 0. 0. 0. 0. 0. 0. 0. 0. 0. 0. 0. 0. 0. 0. 0. 0. 0. 0. 0.
 0. 0. 0. 0. 0. 0. 0. 0. 0. 0. 0. 0. 0. 0. 0. 0. 0. 0. 0. 0. 0. 0. 0. 0.
 0. 0. 0. 0. 0. 0. 0. 0. 0. 0. 0. 0. 0. 0. 0. 0. 0. 0. 0. 0. 0. 0. 0. 0.
 0. 0. 0. 0.]
[INFO] Sample predictions (first 100): [6. 2. 2. 2. 2. 2. 2. 2. 6. 6. 6. 3. 3. 3. 3. 3. 3. 3. 3. 3. 3. 3. 3. 3.
 3. 3. 3. 3. 3. 3. 3. 3. 3. 3. 3. 3. 3. 3. 3. 3. 3. 3. 3. 3. 3. 3. 3. 3.
 3. 3. 3. 3. 3. 3. 3. 3. 3. 0. 0. 0. 0. 0. 0. 0. 0. 0. 0. 2. 2. 2. 2. 2.
 2. 2. 2. 2. 2. 2. 2. 2. 2. 2. 2. 2. 2. 2. 2. 2. 2. 2. 2. 2. 2. 2. 2. 2.
 2. 2. 2. 2.]
[INFO] Modality names: ['RGB', 'AUDIO']
[INFO] Class 0 top modality: AUDIO
[INFO] Class 1 top modality: AUDIO
[INFO] Class 2 top modality: RGB
[INFO] Class 3 top modality: AUDIO
[INFO] Class 4 top modality: AUDIO
[INFO] Class 5 top modality: RGB
[INFO] Class 6 top modality: AUDIO
[INFO] Per-category modality contribution matrix shape: (7, 2)
[INFO] Per-category top modality mapping: ['AUDIO', 'AUDIO', 'RGB', 'AUDIO', 'AUDIO', 'RGB', 'AUDIO']
[INFO] 
Test Metrics:
[INFO]   ROC AUC: 0.9274
[INFO]   mAP: 0.9164

[INFO]   F1 Score: 0.8072
[INFO]   Precision: 0.8971
[INFO]   Recall: 0.7644
[INFO]   Accuracy: 0.7644
[INFO] 
Classification Report:
              precision    recall  f1-score   support

      Normal       0.99      0.74      0.85   1792579
    Fighting       0.51      0.75      0.60    125428
    Shooting       0.26      0.50      0.34     37114
   Explosion       0.28      0.90      0.42     41542
        Riot       0.83      0.91      0.87    272294
       Abuse       0.03      0.73      0.06      3324
Car accident       0.24      0.89      0.38     58103

    accuracy                           0.76   2330384
   macro avg       0.45      0.78      0.50   2330384
weighted avg       0.90      0.76      0.81   2330384

[INFO] 
Confusion Matrix:
[[1328713   74891   45620   84734   49024   50997  158600]
 [   6384   94054    3374     656    1616   18699     645]
 [    887    6865   18479    6273      32    1326    3252]
 [    355     107     881   37401    1893      88     817]
 [   9901    9576     580    2288  248453     776     720]
 [    238     206     152       0       0    2434     294]
 [   1282     413    1346    3128      70      80   51784]]
[INFO] 
================================================================================
[INFO] EPOCH 13/50 | Mode: Multi | Weights: Inverse
[INFO] ================================================================================

[INFO] [TRAIN] Epoch completed in 207.88s
[INFO] [TRAIN] Average Loss: 0.7559
[INFO] Epoch training completed in 207.88s | Loss: 0.7559
[INFO] Model checkpoint saved
[INFO] Predictions shape: (145649,)
[INFO] Probabilities shape: (145649, 7)
[INFO] Ground truth shape: 2330384
[INFO] ground truth sample (first 100): [0. 0. 0. 0. 0. 0. 0. 0. 0. 0. 0. 0. 0. 0. 0. 0. 0. 0. 0. 0. 0. 0. 0. 0.
 0. 0. 0. 0. 0. 0. 0. 0. 0. 0. 0. 0. 0. 0. 0. 0. 0. 0. 0. 0. 0. 0. 0. 0.
 0. 0. 0. 0. 0. 0. 0. 0. 0. 0. 0. 0. 0. 0. 0. 0. 0. 0. 0. 0. 0. 0. 0. 0.
 0. 0. 0. 0. 0. 0. 0. 0. 0. 0. 0. 0. 0. 0. 0. 0. 0. 0. 0. 0. 0. 0. 0. 0.
 0. 0. 0. 0.]
[INFO] Sample predictions (first 100): [6. 2. 2. 2. 2. 2. 2. 6. 6. 6. 6. 3. 3. 3. 3. 3. 3. 3. 3. 3. 3. 3. 3. 3.
 3. 3. 3. 3. 3. 3. 3. 3. 3. 3. 3. 3. 3. 3. 3. 3. 3. 3. 3. 3. 3. 3. 3. 3.
 3. 3. 3. 3. 3. 3. 3. 4. 4. 4. 0. 0. 0. 0. 0. 0. 0. 0. 3. 2. 2. 2. 2. 2.
 2. 2. 3. 2. 2. 2. 2. 2. 2. 2. 2. 2. 2. 2. 2. 2. 2. 2. 2. 2. 2. 2. 2. 2.
 2. 2. 2. 2.]
[INFO] Modality names: ['RGB', 'AUDIO']
[INFO] Class 0 top modality: AUDIO
[INFO] Class 1 top modality: AUDIO
[INFO] Class 2 top modality: RGB
[INFO] Class 3 top modality: AUDIO
[INFO] Class 4 top modality: AUDIO
[INFO] Class 5 top modality: RGB
[INFO] Class 6 top modality: AUDIO
[INFO] Per-category modality contribution matrix shape: (7, 2)
[INFO] Per-category top modality mapping: ['AUDIO', 'AUDIO', 'RGB', 'AUDIO', 'AUDIO', 'RGB', 'AUDIO']
[INFO] 
Test Metrics:
[INFO]   ROC AUC: 0.9306
[INFO]   mAP: 0.9167

[INFO]   F1 Score: 0.7978
[INFO]   Precision: 0.8956
[INFO]   Recall: 0.7537
[INFO]   Accuracy: 0.7537
[INFO] 
Classification Report:
              precision    recall  f1-score   support

      Normal       0.99      0.72      0.84   1792579
    Fighting       0.48      0.77      0.59    125428
    Shooting       0.27      0.49      0.35     37114
   Explosion       0.27      0.90      0.41     41542
        Riot       0.80      0.93      0.86    272294
       Abuse       0.03      0.75      0.06      3324
Car accident       0.24      0.89      0.38     58103

    accuracy                           0.75   2330384
   macro avg       0.44      0.78      0.50   2330384
weighted avg       0.90      0.75      0.80   2330384

[INFO] 
Confusion Matrix:
[[1297667   85877   43940   91015   59194   56436  158450]
 [   4622   96071    2896     758    1696   18796     589]
 [    819    7004   18304    6657      61    1380    2889]
 [    259     107     852   37526    2101      88     609]
 [   7045    8584     580    1935  252686     888     576]
 [    218     238     146       0       0    2492     230]
 [    970     599    1218    3565      70      80   51601]]
[INFO] 
================================================================================
[INFO] EPOCH 14/50 | Mode: Multi | Weights: Inverse
[INFO] ================================================================================

[INFO] [TRAIN] Epoch completed in 205.40s
[INFO] [TRAIN] Average Loss: 0.7498
[INFO] Epoch training completed in 205.40s | Loss: 0.7498
[INFO] Predictions shape: (145649,)
[INFO] Probabilities shape: (145649, 7)
[INFO] Ground truth shape: 2330384
[INFO] ground truth sample (first 100): [0. 0. 0. 0. 0. 0. 0. 0. 0. 0. 0. 0. 0. 0. 0. 0. 0. 0. 0. 0. 0. 0. 0. 0.
 0. 0. 0. 0. 0. 0. 0. 0. 0. 0. 0. 0. 0. 0. 0. 0. 0. 0. 0. 0. 0. 0. 0. 0.
 0. 0. 0. 0. 0. 0. 0. 0. 0. 0. 0. 0. 0. 0. 0. 0. 0. 0. 0. 0. 0. 0. 0. 0.
 0. 0. 0. 0. 0. 0. 0. 0. 0. 0. 0. 0. 0. 0. 0. 0. 0. 0. 0. 0. 0. 0. 0. 0.
 0. 0. 0. 0.]
[INFO] Sample predictions (first 100): [6. 2. 2. 2. 2. 2. 2. 2. 6. 6. 6. 3. 3. 3. 3. 3. 3. 3. 3. 3. 3. 3. 3. 3.
 3. 3. 3. 3. 3. 3. 3. 3. 3. 3. 3. 3. 3. 3. 3. 3. 3. 3. 3. 3. 3. 3. 3. 3.
 3. 3. 3. 3. 3. 3. 3. 3. 3. 3. 0. 0. 0. 0. 0. 3. 3. 0. 3. 2. 2. 2. 2. 2.
 2. 2. 3. 2. 2. 2. 2. 2. 2. 2. 2. 2. 2. 2. 2. 2. 2. 2. 2. 2. 2. 2. 2. 2.
 2. 2. 2. 2.]
[INFO] Modality names: ['RGB', 'AUDIO']
[INFO] Class 0 top modality: AUDIO
[INFO] Class 1 top modality: AUDIO
[INFO] Class 2 top modality: RGB
[INFO] Class 3 top modality: AUDIO
[INFO] Class 4 top modality: AUDIO
[INFO] Class 5 top modality: RGB
[INFO] Class 6 top modality: AUDIO
[INFO] Per-category modality contribution matrix shape: (7, 2)
[INFO] Per-category top modality mapping: ['AUDIO', 'AUDIO', 'RGB', 'AUDIO', 'AUDIO', 'RGB', 'AUDIO']
[INFO] 
Test Metrics:
[INFO]   ROC AUC: 0.9302
[INFO]   mAP: 0.9173

[INFO]   F1 Score: 0.8025
[INFO]   Precision: 0.8972
[INFO]   Recall: 0.7584
[INFO]   Accuracy: 0.7584
[INFO] 
Classification Report:
              precision    recall  f1-score   support

      Normal       0.99      0.73      0.84   1792579
    Fighting       0.52      0.74      0.61    125428
    Shooting       0.25      0.52      0.34     37114
   Explosion       0.26      0.92      0.40     41542
        Riot       0.81      0.92      0.86    272294
       Abuse       0.03      0.74      0.06      3324
Car accident       0.24      0.89      0.38     58103

    accuracy                           0.76   2330384
   macro avg       0.44      0.78      0.50   2330384
weighted avg       0.90      0.76      0.80   2330384

[INFO] 
Confusion Matrix:
[[1311440   71375   49470   95398   56010   52581  156305]
 [   5510   92918    4490     838    1824   19339     509]
 [    835    6053   19468    6530     109    1332    2787]
 [    190     107     885   38046    1713      88     513]
 [   8053    7600     695    2880  251410    1048     608]
 [    234     190     252       0       0    2476     172]
 [   1050     253    1412    3732      70      16   51570]]
[INFO] 
================================================================================
[INFO] EPOCH 15/50 | Mode: Multi | Weights: Inverse
[INFO] ================================================================================

[INFO] [TRAIN] Epoch completed in 207.14s
[INFO] [TRAIN] Average Loss: 0.7502
[INFO] Epoch training completed in 207.14s | Loss: 0.7502
[INFO] Model checkpoint saved
[INFO] Predictions shape: (145649,)
[INFO] Probabilities shape: (145649, 7)
[INFO] Ground truth shape: 2330384
[INFO] ground truth sample (first 100): [0. 0. 0. 0. 0. 0. 0. 0. 0. 0. 0. 0. 0. 0. 0. 0. 0. 0. 0. 0. 0. 0. 0. 0.
 0. 0. 0. 0. 0. 0. 0. 0. 0. 0. 0. 0. 0. 0. 0. 0. 0. 0. 0. 0. 0. 0. 0. 0.
 0. 0. 0. 0. 0. 0. 0. 0. 0. 0. 0. 0. 0. 0. 0. 0. 0. 0. 0. 0. 0. 0. 0. 0.
 0. 0. 0. 0. 0. 0. 0. 0. 0. 0. 0. 0. 0. 0. 0. 0. 0. 0. 0. 0. 0. 0. 0. 0.
 0. 0. 0. 0.]
[INFO] Sample predictions (first 100): [6. 2. 2. 2. 2. 2. 2. 2. 6. 6. 6. 3. 3. 3. 3. 3. 3. 3. 3. 3. 3. 3. 3. 3.
 3. 3. 3. 3. 3. 3. 3. 3. 3. 3. 3. 3. 3. 3. 3. 3. 3. 3. 3. 3. 3. 3. 3. 3.
 3. 3. 3. 3. 3. 3. 3. 3. 3. 4. 0. 0. 0. 0. 0. 0. 0. 0. 3. 2. 2. 2. 2. 2.
 2. 2. 2. 2. 2. 2. 2. 2. 2. 2. 2. 2. 2. 2. 2. 2. 2. 2. 2. 2. 2. 2. 2. 2.
 2. 2. 2. 2.]
[INFO] Modality names: ['RGB', 'AUDIO']
[INFO] Class 0 top modality: AUDIO
[INFO] Class 1 top modality: AUDIO
[INFO] Class 2 top modality: RGB
[INFO] Class 3 top modality: AUDIO
[INFO] Class 4 top modality: AUDIO
[INFO] Class 5 top modality: RGB
[INFO] Class 6 top modality: AUDIO
[INFO] Per-category modality contribution matrix shape: (7, 2)
[INFO] Per-category top modality mapping: ['AUDIO', 'AUDIO', 'RGB', 'AUDIO', 'AUDIO', 'RGB', 'AUDIO']
[INFO] 
Test Metrics:
[INFO]   ROC AUC: 0.9321
[INFO]   mAP: 0.9178

[INFO]   F1 Score: 0.8030
[INFO]   Precision: 0.8959
[INFO]   Recall: 0.7610
[INFO]   Accuracy: 0.7610
[INFO] 
Classification Report:
              precision    recall  f1-score   support

      Normal       0.99      0.73      0.84   1792579
    Fighting       0.50      0.77      0.61    125428
    Shooting       0.26      0.51      0.34     37114
   Explosion       0.27      0.91      0.41     41542
        Riot       0.80      0.93      0.86    272294
       Abuse       0.04      0.72      0.07      3324
Car accident       0.24      0.88      0.38     58103

    accuracy                           0.76   2330384
   macro avg       0.44      0.78      0.50   2330384
weighted avg       0.90      0.76      0.80   2330384

[INFO] 
Confusion Matrix:
[[1313859   78940   47777   90707   60210   45352  155734]
 [   5271   96161    3464     742    1861   17404     525]
 [    908    7011   18826    6171      77    1276    2845]
 [    239     115     906   37780    1877      80     545]
 [   6984    8328     580    2025  252977     792     608]
 [    254     238     252       0       0    2392     188]
 [   1253     407    1379    3535      86      48   51395]]
[INFO] 
================================================================================
[INFO] EPOCH 16/50 | Mode: Multi | Weights: Inverse
[INFO] ================================================================================

[INFO] [TRAIN] Epoch completed in 208.93s
[INFO] [TRAIN] Average Loss: 0.7446
[INFO] Epoch training completed in 208.93s | Loss: 0.7446
[INFO] Predictions shape: (145649,)
[INFO] Probabilities shape: (145649, 7)
[INFO] Ground truth shape: 2330384
[INFO] ground truth sample (first 100): [0. 0. 0. 0. 0. 0. 0. 0. 0. 0. 0. 0. 0. 0. 0. 0. 0. 0. 0. 0. 0. 0. 0. 0.
 0. 0. 0. 0. 0. 0. 0. 0. 0. 0. 0. 0. 0. 0. 0. 0. 0. 0. 0. 0. 0. 0. 0. 0.
 0. 0. 0. 0. 0. 0. 0. 0. 0. 0. 0. 0. 0. 0. 0. 0. 0. 0. 0. 0. 0. 0. 0. 0.
 0. 0. 0. 0. 0. 0. 0. 0. 0. 0. 0. 0. 0. 0. 0. 0. 0. 0. 0. 0. 0. 0. 0. 0.
 0. 0. 0. 0.]
[INFO] Sample predictions (first 100): [6. 2. 2. 2. 2. 2. 2. 2. 6. 6. 6. 3. 3. 3. 3. 3. 3. 3. 3. 3. 3. 3. 3. 3.
 3. 3. 3. 3. 3. 3. 3. 3. 3. 3. 3. 3. 3. 3. 3. 3. 3. 3. 3. 3. 3. 3. 3. 3.
 3. 3. 3. 3. 3. 3. 3. 3. 3. 3. 0. 0. 0. 0. 0. 3. 3. 0. 3. 2. 2. 2. 2. 2.
 2. 2. 3. 2. 2. 2. 2. 2. 2. 2. 2. 2. 2. 2. 2. 2. 2. 2. 2. 2. 2. 2. 2. 2.
 2. 2. 2. 2.]
[INFO] Modality names: ['RGB', 'AUDIO']
[INFO] Class 0 top modality: AUDIO
[INFO] Class 1 top modality: AUDIO
[INFO] Class 2 top modality: RGB
[INFO] Class 3 top modality: AUDIO
[INFO] Class 4 top modality: AUDIO
[INFO] Class 5 top modality: RGB
[INFO] Class 6 top modality: AUDIO
[INFO] Per-category modality contribution matrix shape: (7, 2)
[INFO] Per-category top modality mapping: ['AUDIO', 'AUDIO', 'RGB', 'AUDIO', 'AUDIO', 'RGB', 'AUDIO']
[INFO] 
Test Metrics:
[INFO]   ROC AUC: 0.9297
[INFO]   mAP: 0.9171

[INFO]   F1 Score: 0.8042
[INFO]   Precision: 0.8972
[INFO]   Recall: 0.7606
[INFO]   Accuracy: 0.7606
[INFO] 
Classification Report:
              precision    recall  f1-score   support

      Normal       0.99      0.73      0.84   1792579
    Fighting       0.52      0.75      0.61    125428
    Shooting       0.25      0.51      0.34     37114
   Explosion       0.26      0.92      0.41     41542
        Riot       0.81      0.92      0.86    272294
       Abuse       0.03      0.74      0.06      3324
Car accident       0.24      0.88      0.38     58103

    accuracy                           0.76   2330384
   macro avg       0.44      0.78      0.50   2330384
weighted avg       0.90      0.76      0.80   2330384

[INFO] 
Confusion Matrix:
[[1317442   72116   48422   93593   54415   52589  154002]
 [   5512   93715    3820     774    1728   19354     525]
 [    819    6620   18865    6569      77    1377    2787]
 [    206     107     869   38094    1601      88     577]
 [   8512    8189     617    2811  250461    1064     640]
 [    238     206     236       0       0    2472     172]
 [   1383     295    1363    3599      70      48   51345]]
[INFO] 
================================================================================
[INFO] EPOCH 17/50 | Mode: Multi | Weights: Inverse
[INFO] ================================================================================

[INFO] [TRAIN] Epoch completed in 205.43s
[INFO] [TRAIN] Average Loss: 0.7415
[INFO] Epoch training completed in 205.43s | Loss: 0.7415
[INFO] Model checkpoint saved
[INFO] Predictions shape: (145649,)
[INFO] Probabilities shape: (145649, 7)
[INFO] Ground truth shape: 2330384
[INFO] ground truth sample (first 100): [0. 0. 0. 0. 0. 0. 0. 0. 0. 0. 0. 0. 0. 0. 0. 0. 0. 0. 0. 0. 0. 0. 0. 0.
 0. 0. 0. 0. 0. 0. 0. 0. 0. 0. 0. 0. 0. 0. 0. 0. 0. 0. 0. 0. 0. 0. 0. 0.
 0. 0. 0. 0. 0. 0. 0. 0. 0. 0. 0. 0. 0. 0. 0. 0. 0. 0. 0. 0. 0. 0. 0. 0.
 0. 0. 0. 0. 0. 0. 0. 0. 0. 0. 0. 0. 0. 0. 0. 0. 0. 0. 0. 0. 0. 0. 0. 0.
 0. 0. 0. 0.]
[INFO] Sample predictions (first 100): [6. 6. 2. 2. 2. 2. 2. 6. 6. 6. 6. 3. 3. 3. 3. 3. 3. 3. 3. 3. 3. 3. 3. 3.
 3. 3. 3. 3. 3. 3. 3. 3. 3. 3. 3. 3. 3. 3. 3. 3. 3. 3. 3. 3. 3. 3. 3. 3.
 3. 3. 3. 3. 3. 3. 3. 3. 3. 3. 0. 0. 0. 0. 0. 0. 0. 0. 3. 2. 2. 2. 2. 2.
 2. 2. 3. 2. 2. 2. 2. 2. 2. 2. 2. 2. 2. 2. 2. 2. 2. 2. 2. 2. 2. 2. 2. 2.
 2. 2. 2. 2.]
[INFO] Modality names: ['RGB', 'AUDIO']
[INFO] Class 0 top modality: AUDIO
[INFO] Class 1 top modality: AUDIO
[INFO] Class 2 top modality: RGB
[INFO] Class 3 top modality: AUDIO
[INFO] Class 4 top modality: AUDIO
[INFO] Class 5 top modality: RGB
[INFO] Class 6 top modality: AUDIO
[INFO] Per-category modality contribution matrix shape: (7, 2)
[INFO] Per-category top modality mapping: ['AUDIO', 'AUDIO', 'RGB', 'AUDIO', 'AUDIO', 'RGB', 'AUDIO']
[INFO] 
Test Metrics:
[INFO]   ROC AUC: 0.9304
[INFO]   mAP: 0.9177

[INFO]   F1 Score: 0.8039
[INFO]   Precision: 0.8969
[INFO]   Recall: 0.7605
[INFO]   Accuracy: 0.7605
[INFO] 
Classification Report:
              precision    recall  f1-score   support

      Normal       0.99      0.73      0.84   1792579
    Fighting       0.51      0.74      0.61    125428
    Shooting       0.26      0.51      0.35     37114
   Explosion       0.27      0.91      0.41     41542
        Riot       0.81      0.92      0.86    272294
       Abuse       0.03      0.75      0.06      3324
Car accident       0.24      0.89      0.38     58103

    accuracy                           0.76   2330384
   macro avg       0.44      0.78      0.50   2330384
weighted avg       0.90      0.76      0.80   2330384

[INFO] 
Confusion Matrix:
[[1316486   73110   46299   90684   56172   52883  156945]
 [   5528   93191    3942     806    1776   19612     573]
 [    876    6245   19111    6477     109    1359    2937]
 [    255     107     869   37725    1825      88     673]
 [   8085    7848     585    2376  251584    1160     656]
 [    222     222     184       0       0    2482     214]
 [   1316     253    1298    3500      70      64   51602]]
[INFO] 
================================================================================
[INFO] EPOCH 18/50 | Mode: Multi | Weights: Inverse
[INFO] ================================================================================

[INFO] [TRAIN] Epoch completed in 205.78s
[INFO] [TRAIN] Average Loss: 0.7317
[INFO] Epoch training completed in 205.78s | Loss: 0.7317
[INFO] Predictions shape: (145649,)
[INFO] Probabilities shape: (145649, 7)
[INFO] Ground truth shape: 2330384
[INFO] ground truth sample (first 100): [0. 0. 0. 0. 0. 0. 0. 0. 0. 0. 0. 0. 0. 0. 0. 0. 0. 0. 0. 0. 0. 0. 0. 0.
 0. 0. 0. 0. 0. 0. 0. 0. 0. 0. 0. 0. 0. 0. 0. 0. 0. 0. 0. 0. 0. 0. 0. 0.
 0. 0. 0. 0. 0. 0. 0. 0. 0. 0. 0. 0. 0. 0. 0. 0. 0. 0. 0. 0. 0. 0. 0. 0.
 0. 0. 0. 0. 0. 0. 0. 0. 0. 0. 0. 0. 0. 0. 0. 0. 0. 0. 0. 0. 0. 0. 0. 0.
 0. 0. 0. 0.]
[INFO] Sample predictions (first 100): [3. 3. 2. 2. 2. 2. 2. 6. 6. 6. 6. 3. 3. 3. 3. 3. 3. 3. 3. 3. 3. 3. 3. 3.
 3. 3. 3. 3. 3. 3. 3. 3. 3. 3. 3. 3. 3. 3. 3. 3. 3. 3. 3. 3. 3. 3. 3. 3.
 3. 3. 3. 3. 3. 3. 3. 3. 3. 4. 0. 0. 0. 0. 0. 0. 3. 0. 3. 2. 2. 2. 2. 2.
 2. 2. 3. 2. 3. 2. 2. 2. 2. 2. 2. 2. 2. 2. 2. 2. 2. 2. 2. 2. 2. 2. 2. 2.
 2. 2. 2. 2.]
[INFO] Modality names: ['RGB', 'AUDIO']
[INFO] Class 0 top modality: AUDIO
[INFO] Class 1 top modality: AUDIO
[INFO] Class 2 top modality: RGB
[INFO] Class 3 top modality: AUDIO
[INFO] Class 4 top modality: AUDIO
[INFO] Class 5 top modality: RGB
[INFO] Class 6 top modality: AUDIO
[INFO] Per-category modality contribution matrix shape: (7, 2)
[INFO] Per-category top modality mapping: ['AUDIO', 'AUDIO', 'RGB', 'AUDIO', 'AUDIO', 'RGB', 'AUDIO']
[INFO] 
Test Metrics:
[INFO]   ROC AUC: 0.9316
[INFO]   mAP: 0.9177

[INFO]   F1 Score: 0.8025
[INFO]   Precision: 0.8962
[INFO]   Recall: 0.7595
[INFO]   Accuracy: 0.7595
[INFO] 
Classification Report:
              precision    recall  f1-score   support

      Normal       0.99      0.73      0.84   1792579
    Fighting       0.50      0.77      0.60    125428
    Shooting       0.29      0.46      0.35     37114
   Explosion       0.26      0.91      0.40     41542
        Riot       0.80      0.92      0.86    272294
       Abuse       0.03      0.74      0.06      3324
Car accident       0.24      0.89      0.38     58103

    accuracy                           0.76   2330384
   macro avg       0.44      0.78      0.50   2330384
weighted avg       0.90      0.76      0.80   2330384

[INFO] 
Confusion Matrix:
[[1312939   79679   37694   94305   59064   51337  157561]
 [   4966   95964    2758     859    1808   18500     573]
 [    898    7270   17200    7235     125    1401    2985]
 [    239      91     803   37785    1877      90     657]
 [   7493    8415     482    2408  251856    1000     640]
 [    318     222     114       0       0    2456     214]
 [   1019     455    1029    3600      70     112   51818]]
[INFO] 
================================================================================
[INFO] EPOCH 19/50 | Mode: Multi | Weights: Inverse
[INFO] ================================================================================

[INFO] [TRAIN] Epoch completed in 207.36s
[INFO] [TRAIN] Average Loss: 0.7290
[INFO] Epoch training completed in 207.37s | Loss: 0.7290
[INFO] Model checkpoint saved
[INFO] Predictions shape: (145649,)
[INFO] Probabilities shape: (145649, 7)
[INFO] Ground truth shape: 2330384
[INFO] ground truth sample (first 100): [0. 0. 0. 0. 0. 0. 0. 0. 0. 0. 0. 0. 0. 0. 0. 0. 0. 0. 0. 0. 0. 0. 0. 0.
 0. 0. 0. 0. 0. 0. 0. 0. 0. 0. 0. 0. 0. 0. 0. 0. 0. 0. 0. 0. 0. 0. 0. 0.
 0. 0. 0. 0. 0. 0. 0. 0. 0. 0. 0. 0. 0. 0. 0. 0. 0. 0. 0. 0. 0. 0. 0. 0.
 0. 0. 0. 0. 0. 0. 0. 0. 0. 0. 0. 0. 0. 0. 0. 0. 0. 0. 0. 0. 0. 0. 0. 0.
 0. 0. 0. 0.]
[INFO] Sample predictions (first 100): [6. 6. 2. 2. 2. 2. 2. 6. 6. 6. 6. 3. 3. 3. 3. 3. 3. 3. 3. 3. 3. 3. 3. 3.
 3. 3. 3. 3. 3. 3. 3. 3. 3. 3. 3. 3. 3. 3. 3. 3. 3. 3. 3. 3. 3. 3. 3. 3.
 3. 3. 3. 3. 3. 3. 3. 3. 3. 3. 0. 0. 0. 0. 0. 0. 0. 0. 3. 2. 2. 2. 2. 2.
 2. 2. 2. 2. 2. 2. 2. 2. 2. 2. 2. 2. 2. 2. 2. 2. 2. 2. 2. 2. 2. 2. 2. 2.
 2. 2. 2. 2.]
[INFO] Modality names: ['RGB', 'AUDIO']
[INFO] Class 0 top modality: AUDIO
[INFO] Class 1 top modality: AUDIO
[INFO] Class 2 top modality: RGB
[INFO] Class 3 top modality: AUDIO
[INFO] Class 4 top modality: AUDIO
[INFO] Class 5 top modality: RGB
[INFO] Class 6 top modality: AUDIO
[INFO] Per-category modality contribution matrix shape: (7, 2)
[INFO] Per-category top modality mapping: ['AUDIO', 'AUDIO', 'RGB', 'AUDIO', 'AUDIO', 'RGB', 'AUDIO']
[INFO] 
Test Metrics:
[INFO]   ROC AUC: 0.9289
[INFO]   mAP: 0.9176

[INFO]   F1 Score: 0.8002
[INFO]   Precision: 0.8969
[INFO]   Recall: 0.7565
[INFO]   Accuracy: 0.7565
[INFO] 
Classification Report:
              precision    recall  f1-score   support

      Normal       0.99      0.73      0.84   1792579
    Fighting       0.52      0.77      0.62    125428
    Shooting       0.24      0.52      0.33     37114
   Explosion       0.26      0.91      0.41     41542
        Riot       0.81      0.92      0.86    272294
       Abuse       0.04      0.71      0.07      3324
Car accident       0.23      0.90      0.37     58103

    accuracy                           0.76   2330384
   macro avg       0.44      0.78      0.50   2330384
weighted avg       0.90      0.76      0.80   2330384

[INFO] 
Confusion Matrix:
[[1303690   75199   53052   92392   56339   43178  168729]
 [   5417   96878    4448     856    1696   15440     693]
 [    819    6307   19249    6263      61    1046    3369]
 [    174     115     885   37949    1585      64     770]
 [   7781    8520     660    3338  250291     808     896]
 [    238     270     178       0       0    2344     294]
 [    697     183    1320    3314      60       0   52529]]
[INFO] 
================================================================================
[INFO] EPOCH 20/50 | Mode: Multi | Weights: Inverse
[INFO] ================================================================================

[INFO] [TRAIN] Epoch completed in 208.83s
[INFO] [TRAIN] Average Loss: 0.7320
[INFO] Epoch training completed in 208.83s | Loss: 0.7320
[INFO] Predictions shape: (145649,)
[INFO] Probabilities shape: (145649, 7)
[INFO] Ground truth shape: 2330384
[INFO] ground truth sample (first 100): [0. 0. 0. 0. 0. 0. 0. 0. 0. 0. 0. 0. 0. 0. 0. 0. 0. 0. 0. 0. 0. 0. 0. 0.
 0. 0. 0. 0. 0. 0. 0. 0. 0. 0. 0. 0. 0. 0. 0. 0. 0. 0. 0. 0. 0. 0. 0. 0.
 0. 0. 0. 0. 0. 0. 0. 0. 0. 0. 0. 0. 0. 0. 0. 0. 0. 0. 0. 0. 0. 0. 0. 0.
 0. 0. 0. 0. 0. 0. 0. 0. 0. 0. 0. 0. 0. 0. 0. 0. 0. 0. 0. 0. 0. 0. 0. 0.
 0. 0. 0. 0.]
[INFO] Sample predictions (first 100): [6. 6. 2. 2. 2. 2. 2. 6. 6. 6. 6. 3. 3. 3. 3. 3. 3. 3. 3. 3. 3. 3. 3. 3.
 3. 3. 3. 3. 3. 3. 3. 3. 3. 3. 3. 3. 3. 3. 3. 3. 3. 3. 3. 3. 3. 3. 3. 3.
 3. 3. 3. 3. 3. 3. 3. 3. 3. 3. 0. 0. 0. 0. 0. 0. 3. 0. 3. 2. 2. 2. 2. 2.
 2. 2. 3. 2. 2. 2. 2. 2. 2. 2. 2. 2. 2. 2. 2. 2. 2. 2. 2. 2. 2. 2. 2. 2.
 2. 2. 2. 2.]
[INFO] Modality names: ['RGB', 'AUDIO']
[INFO] Class 0 top modality: AUDIO
[INFO] Class 1 top modality: AUDIO
[INFO] Class 2 top modality: RGB
[INFO] Class 3 top modality: AUDIO
[INFO] Class 4 top modality: AUDIO
[INFO] Class 5 top modality: RGB
[INFO] Class 6 top modality: AUDIO
[INFO] Per-category modality contribution matrix shape: (7, 2)
[INFO] Per-category top modality mapping: ['AUDIO', 'AUDIO', 'RGB', 'AUDIO', 'AUDIO', 'RGB', 'AUDIO']
[INFO] 
Test Metrics:
[INFO]   ROC AUC: 0.9294
[INFO]   mAP: 0.9174

[INFO]   F1 Score: 0.8004
[INFO]   Precision: 0.8969
[INFO]   Recall: 0.7565
[INFO]   Accuracy: 0.7565
[INFO] 
Classification Report:
              precision    recall  f1-score   support

      Normal       0.99      0.73      0.84   1792579
    Fighting       0.51      0.77      0.61    125428
    Shooting       0.26      0.50      0.34     37114
   Explosion       0.27      0.91      0.41     41542
        Riot       0.81      0.92      0.86    272294
       Abuse       0.03      0.74      0.07      3324
Car accident       0.23      0.90      0.37     58103

    accuracy                           0.76   2330384
   macro avg       0.44      0.78      0.50   2330384
weighted avg       0.90      0.76      0.80   2330384

[INFO] 
Confusion Matrix:
[[1305026   78401   47744   91101   55977   48772  165558]
 [   4815   96191    3509     657    1664   17946     646]
 [    860    6664   18584    6387      61    1242    3316]
 [    198     107     869   37942    1569      72     785]
 [   7973    8440     580    3168  250189    1192     752]
 [    222     206     146       0       0    2456     294]
 [    810     343    1288    3129      60      16   52457]]
[INFO] 
================================================================================
[INFO] EPOCH 21/50 | Mode: Multi | Weights: Inverse
[INFO] ================================================================================

[INFO] [TRAIN] Epoch completed in 209.21s
[INFO] [TRAIN] Average Loss: 0.7195
[INFO] Epoch training completed in 209.21s | Loss: 0.7195
[INFO] Model checkpoint saved
[INFO] Predictions shape: (145649,)
[INFO] Probabilities shape: (145649, 7)
[INFO] Ground truth shape: 2330384
[INFO] ground truth sample (first 100): [0. 0. 0. 0. 0. 0. 0. 0. 0. 0. 0. 0. 0. 0. 0. 0. 0. 0. 0. 0. 0. 0. 0. 0.
 0. 0. 0. 0. 0. 0. 0. 0. 0. 0. 0. 0. 0. 0. 0. 0. 0. 0. 0. 0. 0. 0. 0. 0.
 0. 0. 0. 0. 0. 0. 0. 0. 0. 0. 0. 0. 0. 0. 0. 0. 0. 0. 0. 0. 0. 0. 0. 0.
 0. 0. 0. 0. 0. 0. 0. 0. 0. 0. 0. 0. 0. 0. 0. 0. 0. 0. 0. 0. 0. 0. 0. 0.
 0. 0. 0. 0.]
[INFO] Sample predictions (first 100): [6. 6. 2. 2. 2. 2. 2. 6. 6. 6. 6. 3. 3. 3. 3. 3. 3. 3. 3. 3. 3. 3. 3. 3.
 3. 3. 3. 3. 3. 3. 3. 3. 3. 3. 3. 3. 3. 3. 3. 3. 3. 3. 3. 3. 3. 3. 3. 3.
 3. 3. 3. 3. 3. 3. 3. 3. 3. 4. 0. 0. 0. 0. 0. 3. 3. 0. 3. 2. 2. 2. 2. 2.
 2. 2. 3. 2. 2. 2. 2. 2. 2. 2. 2. 2. 2. 2. 2. 2. 2. 2. 2. 2. 2. 2. 2. 2.
 2. 2. 2. 2.]
[INFO] Modality names: ['RGB', 'AUDIO']
[INFO] Class 0 top modality: AUDIO
[INFO] Class 1 top modality: AUDIO
[INFO] Class 2 top modality: RGB
[INFO] Class 3 top modality: AUDIO
[INFO] Class 4 top modality: AUDIO
[INFO] Class 5 top modality: RGB
[INFO] Class 6 top modality: AUDIO
[INFO] Per-category modality contribution matrix shape: (7, 2)
[INFO] Per-category top modality mapping: ['AUDIO', 'AUDIO', 'RGB', 'AUDIO', 'AUDIO', 'RGB', 'AUDIO']
[INFO] 
Test Metrics:
[INFO]   ROC AUC: 0.9354
[INFO]   mAP: 0.9196

[INFO]   F1 Score: 0.7972
[INFO]   Precision: 0.8939
[INFO]   Recall: 0.7561
[INFO]   Accuracy: 0.7561
[INFO] 
Classification Report:
              precision    recall  f1-score   support

      Normal       0.99      0.72      0.84   1792579
    Fighting       0.50      0.79      0.61    125428
    Shooting       0.25      0.51      0.34     37114
   Explosion       0.26      0.91      0.41     41542
        Riot       0.77      0.94      0.85    272294
       Abuse       0.04      0.70      0.08      3324
Car accident       0.24      0.89      0.38     58103

    accuracy                           0.76   2330384
   macro avg       0.44      0.78      0.50   2330384
weighted avg       0.89      0.76      0.80   2330384

[INFO] 
Confusion Matrix:
[[1296442   84428   49052   93943   70881   38834  158999]
 [   4490   98841    3697     872    2312   14683     533]
 [    849    7096   18974    6083     145     979    2988]
 [    158     115     911   37972    1809      64     513]
 [   5409    7115     644    2175  255743     712     496]
 [    270     270     242       0       0    2328     214]
 [   1134     407    1312    3531      70      16   51633]]
[INFO] 
================================================================================
[INFO] EPOCH 22/50 | Mode: Multi | Weights: Inverse
[INFO] ================================================================================

[INFO] 
Training interrupted by user
